mpu_wrappers.c:63:12:xPortRaisePrivilege	8	static
mpu_wrappers.c:80:6:vPortResetPrivilege	8	static
mpu_wrappers.c:103:13:MPU_xTaskCreateRestrictedStatic	16	static
mpu_wrappers.c:129:15:MPU_xTaskCreateStatic	40	static
mpu_wrappers.c:141:6:MPU_vTaskAllocateMPURegions	16	static
mpu_wrappers.c:162:7:MPU_vTaskDelayUntil	16	static
mpu_wrappers.c:186:7:MPU_vTaskDelay	16	static
mpu_wrappers.c:279:6:MPU_vTaskSuspendAll	8	static
mpu_wrappers.c:288:12:MPU_xTaskResumeAll	16	static
mpu_wrappers.c:299:12:MPU_xTaskGetTickCount	16	static
mpu_wrappers.c:310:13:MPU_uxTaskGetNumberOfTasks	16	static
mpu_wrappers.c:321:8:MPU_pcTaskGetName	16	static
mpu_wrappers.c:405:7:MPU_vTaskSetThreadLocalStoragePointer	24	static
mpu_wrappers.c:416:8:MPU_pvTaskGetThreadLocalStoragePointer	16	static
mpu_wrappers.c:506:6:MPU_vTaskSetTimeOutState	16	static
mpu_wrappers.c:515:12:MPU_xTaskCheckForTimeOut	16	static
mpu_wrappers.c:527:13:MPU_xTaskGenericNotify	24	static
mpu_wrappers.c:540:13:MPU_xTaskNotifyWait	24	static
mpu_wrappers.c:553:11:MPU_ulTaskNotifyTake	16	static
mpu_wrappers.c:566:13:MPU_xTaskNotifyStateClear	16	static
mpu_wrappers.c:592:16:MPU_xQueueGenericCreateStatic	32	static
mpu_wrappers.c:604:12:MPU_xQueueGenericReset	16	static
mpu_wrappers.c:615:12:MPU_xQueueGenericSend	24	static
mpu_wrappers.c:626:13:MPU_uxQueueMessagesWaiting	16	static
mpu_wrappers.c:637:13:MPU_uxQueueSpacesAvailable	16	static
mpu_wrappers.c:648:12:MPU_xQueueReceive	24	static
mpu_wrappers.c:659:12:MPU_xQueuePeek	24	static
mpu_wrappers.c:670:12:MPU_xQueueSemaphoreTake	16	static
mpu_wrappers.c:708:16:MPU_xQueueCreateMutexStatic	16	static
mpu_wrappers.c:826:7:MPU_vQueueAddToRegistry	16	static
mpu_wrappers.c:838:7:MPU_vQueueUnregisterQueue	16	static
mpu_wrappers.c:850:14:MPU_pcQueueGetName	16	static
mpu_wrappers.c:863:6:MPU_vQueueDelete	16	static
mpu_wrappers.c:1104:21:MPU_xEventGroupCreateStatic	16	static
mpu_wrappers.c:1117:13:MPU_xEventGroupWaitBits	32	static
mpu_wrappers.c:1129:13:MPU_xEventGroupClearBits	16	static
mpu_wrappers.c:1141:13:MPU_xEventGroupSetBits	16	static
mpu_wrappers.c:1153:13:MPU_xEventGroupSync	24	static
mpu_wrappers.c:1165:6:MPU_vEventGroupDelete	16	static
mpu_wrappers.c:1174:8:MPU_xStreamBufferSend	24	static
mpu_wrappers.c:1186:8:MPU_xStreamBufferNextMessageLengthBytes	16	static
mpu_wrappers.c:1198:8:MPU_xStreamBufferReceive	24	static
mpu_wrappers.c:1210:6:MPU_vStreamBufferDelete	16	static
mpu_wrappers.c:1219:12:MPU_xStreamBufferIsFull	16	static
mpu_wrappers.c:1231:12:MPU_xStreamBufferIsEmpty	16	static
mpu_wrappers.c:1243:12:MPU_xStreamBufferReset	16	static
mpu_wrappers.c:1255:8:MPU_xStreamBufferSpacesAvailable	16	static
mpu_wrappers.c:1267:8:MPU_xStreamBufferBytesAvailable	16	static
mpu_wrappers.c:1279:12:MPU_xStreamBufferSetTriggerLevel	16	static
mpu_wrappers.c:1306:23:MPU_xStreamBufferGenericCreateStatic	32	static
