Archive member included to satisfy reference by file (symbol)

c:/program files (x86)/atollic/truestudio for stm32 9.3.0/armtools/bin/../lib/gcc/arm-atollic-eabi/6.3.1/../../../../arm-atollic-eabi/lib/armv7-m\libc_nano.a(lib_a-errno.o)
                              Src\syscalls.o (__errno)
c:/program files (x86)/atollic/truestudio for stm32 9.3.0/armtools/bin/../lib/gcc/arm-atollic-eabi/6.3.1/../../../../arm-atollic-eabi/lib/armv7-m\libc_nano.a(lib_a-impure.o)
                              c:/program files (x86)/atollic/truestudio for stm32 9.3.0/armtools/bin/../lib/gcc/arm-atollic-eabi/6.3.1/../../../../arm-atollic-eabi/lib/armv7-m\libc_nano.a(lib_a-errno.o) (_impure_ptr)
c:/program files (x86)/atollic/truestudio for stm32 9.3.0/armtools/bin/../lib/gcc/arm-atollic-eabi/6.3.1/../../../../arm-atollic-eabi/lib/armv7-m\libc_nano.a(lib_a-init.o)
                              startup\startup_stm32f103xb.o (__libc_init_array)
c:/program files (x86)/atollic/truestudio for stm32 9.3.0/armtools/bin/../lib/gcc/arm-atollic-eabi/6.3.1/../../../../arm-atollic-eabi/lib/armv7-m\libc_nano.a(lib_a-memcpy-stub.o)
                              Application\application_main\FreeRTOS\Source\queue.o (memcpy)
c:/program files (x86)/atollic/truestudio for stm32 9.3.0/armtools/bin/../lib/gcc/arm-atollic-eabi/6.3.1/../../../../arm-atollic-eabi/lib/armv7-m\libc_nano.a(lib_a-memset.o)
                              Application\application_main\FreeRTOS\Source\stream_buffer.o (memset)

Allocating common symbols
Common symbol       size              file

decoderQueueStorageArea
                    0xa               Application\application_main\task2.o
htim4               0x40              Src\stm32f1xx_hal_timebase_tim.o
xTask1Buffer        0x64              Application\application_main\application_main.o
dadosDecodificados  0xff              Application\application_main\task2.o
xTask2Stack         0x200             Application\application_main\application_main.o
xTask2Buffer        0x64              Application\application_main\application_main.o
dados               0xff              Application\lib\fsm_avi_rede.o
uwTick              0x4               Drivers\STM32F1xx_HAL_Driver\Src\stm32f1xx_hal.o
xQueueRegistry      0x28              Application\application_main\FreeRTOS\Source\queue.o
pFlash              0x20              Drivers\STM32F1xx_HAL_Driver\Src\stm32f1xx_hal_flash.o
decoderQueueHandle  0x4               Application\application_main\task2.o
xTask1Stack         0x200             Application\application_main\application_main.o

Discarded input sections

 .text          0x00000000        0x0 c:/program files (x86)/atollic/truestudio for stm32 9.3.0/armtools/bin/../lib/gcc/arm-atollic-eabi/6.3.1/armv7-m/crti.o
 .data          0x00000000        0x0 c:/program files (x86)/atollic/truestudio for stm32 9.3.0/armtools/bin/../lib/gcc/arm-atollic-eabi/6.3.1/armv7-m/crti.o
 .bss           0x00000000        0x0 c:/program files (x86)/atollic/truestudio for stm32 9.3.0/armtools/bin/../lib/gcc/arm-atollic-eabi/6.3.1/armv7-m/crti.o
 .data          0x00000000        0x4 c:/program files (x86)/atollic/truestudio for stm32 9.3.0/armtools/bin/../lib/gcc/arm-atollic-eabi/6.3.1/armv7-m/crtbegin.o
 .text          0x00000000        0x0 Application\application_main\FreeRTOS\Source\croutine.o
 .data          0x00000000        0x0 Application\application_main\FreeRTOS\Source\croutine.o
 .bss           0x00000000        0x0 Application\application_main\FreeRTOS\Source\croutine.o
 .debug_info    0x00000000       0x9a Application\application_main\FreeRTOS\Source\croutine.o
 .debug_abbrev  0x00000000       0x44 Application\application_main\FreeRTOS\Source\croutine.o
 .debug_aranges
                0x00000000       0x18 Application\application_main\FreeRTOS\Source\croutine.o
 .debug_line    0x00000000      0x168 Application\application_main\FreeRTOS\Source\croutine.o
 .debug_str     0x00000000      0x1f4 Application\application_main\FreeRTOS\Source\croutine.o
 .comment       0x00000000       0x7d Application\application_main\FreeRTOS\Source\croutine.o
 .ARM.attributes
                0x00000000       0x33 Application\application_main\FreeRTOS\Source\croutine.o
 .text          0x00000000        0x0 Application\application_main\FreeRTOS\Source\event_groups.o
 .data          0x00000000        0x0 Application\application_main\FreeRTOS\Source\event_groups.o
 .bss           0x00000000        0x0 Application\application_main\FreeRTOS\Source\event_groups.o
 .text.prvTestWaitCondition
                0x00000000       0x1c Application\application_main\FreeRTOS\Source\event_groups.o
 .text.xEventGroupCreateStatic
                0x00000000       0x46 Application\application_main\FreeRTOS\Source\event_groups.o
 .text.xEventGroupWaitBits
                0x00000000       0xec Application\application_main\FreeRTOS\Source\event_groups.o
 .text.xEventGroupClearBits
                0x00000000       0x46 Application\application_main\FreeRTOS\Source\event_groups.o
[...]
Memory Configuration

Name             Origin             Length             Attributes
RAM              0x20000000         0x00005000         xrw
FLASH            0x08000000         0x00010000         xr
*default*        0x00000000         0xffffffff

Linker script and memory map

LOAD c:/program files (x86)/atollic/truestudio for stm32 9.3.0/armtools/bin/../lib/gcc/arm-atollic-eabi/6.3.1/armv7-m/crti.o
LOAD c:/program files (x86)/atollic/truestudio for stm32 9.3.0/armtools/bin/../lib/gcc/arm-atollic-eabi/6.3.1/armv7-m/crtbegin.o
LOAD Application\application_main\FreeRTOS\Source\croutine.o
LOAD Application\application_main\FreeRTOS\Source\event_groups.o
LOAD Application\application_main\FreeRTOS\Source\list.o
LOAD Application\application_main\FreeRTOS\Source\portable\GCC\ARM_CM3\port.o
LOAD Application\application_main\FreeRTOS\Source\queue.o
LOAD Application\application_main\FreeRTOS\Source\stream_buffer.o
LOAD Application\application_main\FreeRTOS\Source\tasks.o
LOAD Application\application_main\FreeRTOS\Source\timers.o
LOAD Application\application_main\application_main.o
LOAD Application\application_main\task1.o
LOAD Application\application_main\task2.o
LOAD Application\bsp\bsp_led.o
LOAD Application\lib\fsm_avi_rede.o
LOAD Application\lib\lib_utilities.o
LOAD Drivers\STM32F1xx_HAL_Driver\Src\stm32f1xx_hal.o
LOAD Drivers\STM32F1xx_HAL_Driver\Src\stm32f1xx_hal_cortex.o
LOAD Drivers\STM32F1xx_HAL_Driver\Src\stm32f1xx_hal_dma.o
LOAD Drivers\STM32F1xx_HAL_Driver\Src\stm32f1xx_hal_flash.o
LOAD Drivers\STM32F1xx_HAL_Driver\Src\stm32f1xx_hal_flash_ex.o
LOAD Drivers\STM32F1xx_HAL_Driver\Src\stm32f1xx_hal_gpio.o
LOAD Drivers\STM32F1xx_HAL_Driver\Src\stm32f1xx_hal_gpio_ex.o
LOAD Drivers\STM32F1xx_HAL_Driver\Src\stm32f1xx_hal_pwr.o
LOAD Drivers\STM32F1xx_HAL_Driver\Src\stm32f1xx_hal_rcc.o
LOAD Drivers\STM32F1xx_HAL_Driver\Src\stm32f1xx_hal_rcc_ex.o
LOAD Drivers\STM32F1xx_HAL_Driver\Src\stm32f1xx_hal_tim.o
LOAD Drivers\STM32F1xx_HAL_Driver\Src\stm32f1xx_hal_tim_ex.o
LOAD Src\main.o
LOAD Src\stm32f1xx_hal_msp.o
LOAD Src\stm32f1xx_hal_timebase_tim.o
LOAD Src\stm32f1xx_it.o
LOAD Src\syscalls.o
LOAD Src\system_stm32f1xx.o
LOAD startup\startup_stm32f103xb.o
                0x00000080                malloc_getpagesize_P = 0x80
START GROUP
LOAD c:/program files (x86)/atollic/truestudio for stm32 9.3.0/armtools/bin/../lib/gcc/arm-atollic-eabi/6.3.1/../../../../arm-atollic-eabi/lib/armv7-m\libc_nano.a
LOAD c:/program files (x86)/atollic/truestudio for stm32 9.3.0/armtools/bin/../lib/gcc/arm-atollic-eabi/6.3.1/../../../../arm-atollic-eabi/lib/armv7-m\libm.a
END GROUP
START GROUP
LOAD c:/program files (x86)/atollic/truestudio for stm32 9.3.0/armtools/bin/../lib/gcc/arm-atollic-eabi/6.3.1/armv7-m\libgcc.a
LOAD c:/program files (x86)/atollic/truestudio for stm32 9.3.0/armtools/bin/../lib/gcc/arm-atollic-eabi/6.3.1/../../../../arm-atollic-eabi/lib/armv7-m\libc_nano.a
END GROUP
START GROUP
LOAD c:/program files (x86)/atollic/truestudio for stm32 9.3.0/armtools/bin/../lib/gcc/arm-atollic-eabi/6.3.1/armv7-m\libgcc.a
LOAD c:/program files (x86)/atollic/truestudio for stm32 9.3.0/armtools/bin/../lib/gcc/arm-atollic-eabi/6.3.1/../../../../arm-atollic-eabi/lib/armv7-m\libc_nano.a
LOAD c:/program files (x86)/atollic/truestudio for stm32 9.3.0/armtools/bin/../lib/gcc/arm-atollic-eabi/6.3.1/../../../../arm-atollic-eabi/lib/armv7-m\libnosys.a
END GROUP
START GROUP
LOAD c:/program files (x86)/atollic/truestudio for stm32 9.3.0/armtools/bin/../lib/gcc/arm-atollic-eabi/6.3.1/armv7-m\libgcc.a
LOAD c:/program files (x86)/atollic/truestudio for stm32 9.3.0/armtools/bin/../lib/gcc/arm-atollic-eabi/6.3.1/../../../../arm-atollic-eabi/lib/armv7-m\libc_nano.a
LOAD c:/program files (x86)/atollic/truestudio for stm32 9.3.0/armtools/bin/../lib/gcc/arm-atollic-eabi/6.3.1/../../../../arm-atollic-eabi/lib/armv7-m\libnosys.a
END GROUP
LOAD c:/program files (x86)/atollic/truestudio for stm32 9.3.0/armtools/bin/../lib/gcc/arm-atollic-eabi/6.3.1/armv7-m/crtend.o
LOAD c:/program files (x86)/atollic/truestudio for stm32 9.3.0/armtools/bin/../lib/gcc/arm-atollic-eabi/6.3.1/armv7-m/crtn.o
                0x20005000                _estack = 0x20005000
                0x00000000                _Min_Heap_Size = 0x0
                0x00000400                _Min_Stack_Size = 0x400

.isr_vector     0x08000000      0x10c
                0x08000000                . = ALIGN (0x4)
 *(.isr_vector)
 .isr_vector    0x08000000      0x10c startup\startup_stm32f103xb.o
                0x08000000                g_pfnVectors
                0x0800010c                . = ALIGN (0x4)

.text           0x08000110     0x1b0c
                0x08000110                . = ALIGN (0x4)
 *(.text)
 .text          0x08000110       0x40 c:/program files (x86)/atollic/truestudio for stm32 9.3.0/armtools/bin/../lib/gcc/arm-atollic-eabi/6.3.1/armv7-m/crtbegin.o
 *(.text*)
 .text.vListInitialise
                0x08000150       0x16 Application\application_main\FreeRTOS\Source\list.o
                0x08000150                vListInitialise
 .text.vListInitialiseItem
                0x08000166        0x6 Application\application_main\FreeRTOS\Source\list.o
                0x08000166                vListInitialiseItem
 .text.vListInsertEnd
                0x0800016c       0x18 Application\application_main\FreeRTOS\Source\list.o
                0x0800016c                vListInsertEnd
 .text.vListInsert
                0x08000184       0x34 Application\application_main\FreeRTOS\Source\list.o
                0x08000184                vListInsert
 .text.uxListRemove
                0x080001b8       0x28 Application\application_main\FreeRTOS\Source\list.o
                0x080001b8                uxListRemove
 .text.prvTaskExitError
                0x080001e0       0x40 Application\application_main\FreeRTOS\Source\portable\GCC\ARM_CM3\port.o
 .text.prvPortStartFirstTask
                0x08000220       0x20 Application\application_main\FreeRTOS\Source\portable\GCC\ARM_CM3\port.o
 .text.pxPortInitialiseStack
                0x08000240       0x24 Application\application_main\FreeRTOS\Source\portable\GCC\ARM_CM3\port.o
                0x08000240                pxPortInitialiseStack
 *fill*         0x08000264        0xc 
 .text.SVC_Handler
                0x08000270       0x24 Application\application_main\FreeRTOS\Source\portable\GCC\ARM_CM3\port.o
                0x08000270                SVC_Handler
 .text.vPortEnterCritical
                0x08000294       0x44 Application\application_main\FreeRTOS\Source\portable\GCC\ARM_CM3\port.o
                0x08000294                vPortEnterCritical
 .text.vPortExitCritical
                0x080002d8       0x2c Application\application_main\FreeRTOS\Source\portable\GCC\ARM_CM3\port.o
                0x080002d8                vPortExitCritical
 *fill*         0x08000304        0xc 
 .text.PendSV_Handler
                0x08000310       0x44 Application\application_main\FreeRTOS\Source\portable\GCC\ARM_CM3\port.o
                0x08000310                PendSV_Handler
 .text.SysTick_Handler
                0x08000354       0x2c Application\application_main\FreeRTOS\Source\portable\GCC\ARM_CM3\port.o
                0x08000354                SysTick_Handler
 .text.vPortSetupTimerInterrupt
                0x08000380       0x38 Application\application_main\FreeRTOS\Source\portable\GCC\ARM_CM3\port.o
                0x08000380                vPortSetupTimerInterrupt
 .text.xPortStartScheduler
                0x080003b8       0xb8 Application\application_main\FreeRTOS\Source\portable\GCC\ARM_CM3\port.o
                0x080003b8                xPortStartScheduler
 .text.xQueueGenericReset
                0x08000470       0x80 Application\application_main\FreeRTOS\Source\queue.o
                0x08000470                xQueueGenericReset
 .text.prvInitialiseNewQueue
                0x080004f0       0x1c Application\application_main\FreeRTOS\Source\queue.o
 .text.xQueueGenericCreateStatic
                0x0800050c       0x9c Application\application_main\FreeRTOS\Source\queue.o
                0x0800050c                xQueueGenericCreateStatic
 .text.prvIdleTask
                0x080005a8       0x24 Application\application_main\FreeRTOS\Source\tasks.o
 .text.prvResetNextTaskUnblockTime
                0x080005cc       0x2c Application\application_main\FreeRTOS\Source\tasks.o
 .text.prvInitialiseNewTask
                0x080005f8       0xa6 Application\application_main\FreeRTOS\Source\tasks.o
 *fill*         0x0800069e        0x2 
 .text.prvInitialiseTaskLists
                0x080006a0       0x5c Application\application_main\FreeRTOS\Source\tasks.o
 .text.prvAddNewTaskToReadyList
                0x080006fc       0xa8 Application\application_main\FreeRTOS\Source\tasks.o
 .text.prvAddCurrentTaskToDelayedList
                0x080007a4       0x7c Application\application_main\FreeRTOS\Source\tasks.o
 .text.xTaskCreateStatic
                0x08000820       0x6e Application\application_main\FreeRTOS\Source\tasks.o
                0x08000820                xTaskCreateStatic
 *fill*         0x0800088e        0x2 
 .text.vTaskStartScheduler
                0x08000890       0x78 Application\application_main\FreeRTOS\Source\tasks.o
                0x08000890                vTaskStartScheduler
 .text.vTaskSuspendAll
                0x08000908       0x10 Application\application_main\FreeRTOS\Source\tasks.o
                0x08000908                vTaskSuspendAll
 .text.xTaskIncrementTick
                0x08000918      0x100 Application\application_main\FreeRTOS\Source\tasks.o
                0x08000918                xTaskIncrementTick
 .text.xTaskResumeAll
                0x08000a18       0xfc Application\application_main\FreeRTOS\Source\tasks.o
                0x08000a18                xTaskResumeAll
 .text.vTaskDelay
                0x08000b14       0x50 Application\application_main\FreeRTOS\Source\tasks.o
                0x08000b14                vTaskDelay
 .text.vTaskSwitchContext
                0x08000b64       0x98 Application\application_main\FreeRTOS\Source\tasks.o
                0x08000b64                vTaskSwitchContext
 .text.xTaskRemoveFromEventList
                0x08000bfc       0x8c Application\application_main\FreeRTOS\Source\tasks.o
                0x08000bfc                xTaskRemoveFromEventList
 .text.app_run  0x08000c88       0x6c Application\application_main\application_main.o
                0x08000c88                app_run
 .text.vApplicationGetIdleTaskMemory
                0x08000cf4       0x18 Application\application_main\application_main.o
                0x08000cf4                vApplicationGetIdleTaskMemory
 .text.valor_conhecido
                0x08000d0c       0x30 Application\application_main\task1.o
                0x08000d0c                valor_conhecido
 .text.task_1   0x08000d3c        0xe Application\application_main\task1.o
                0x08000d3c                task_1
 *fill*         0x08000d4a        0x2 
 .text.task_2   0x08000d4c       0xb0 Application\application_main\task2.o
                0x08000d4c                task_2
 .text.bsp_led_requisita
                0x08000dfc       0x64 Application\bsp\bsp_led.o
                0x08000dfc                bsp_led_requisita
 .text.recebe_modelo_frame
                0x08000e60        0xc Application\lib\fsm_avi_rede.o
                0x08000e60                recebe_modelo_frame
 .text.recebe_id_frame
                0x08000e6c        0xc Application\lib\fsm_avi_rede.o
                0x08000e6c                recebe_id_frame
 .text.recebe_dados_frame
                0x08000e78       0x24 Application\lib\fsm_avi_rede.o
                0x08000e78                recebe_dados_frame
 .text.frame_decodificado
                0x08000e9c        0xc Application\lib\fsm_avi_rede.o
                0x08000e9c                frame_decodificado
 .text.exec_decodificador_avirede
                0x08000ea8      0x108 Application\lib\fsm_avi_rede.o
                0x08000ea8                exec_decodificador_avirede
 .text.run_current_time
                0x08000fb0       0x10 Application\lib\lib_utilities.o
                0x08000fb0                run_current_time
 .text.HAL_Init
                0x08000fc0       0x24 Drivers\STM32F1xx_HAL_Driver\Src\stm32f1xx_hal.o
                0x08000fc0                HAL_Init
 .text.HAL_IncTick
                0x08000fe4       0x18 Drivers\STM32F1xx_HAL_Driver\Src\stm32f1xx_hal.o
                0x08000fe4                HAL_IncTick
 .text.HAL_GetTick
                0x08000ffc        0xc Drivers\STM32F1xx_HAL_Driver\Src\stm32f1xx_hal.o
                0x08000ffc                HAL_GetTick
 .text.HAL_NVIC_SetPriorityGrouping
                0x08001008       0x24 Drivers\STM32F1xx_HAL_Driver\Src\stm32f1xx_hal_cortex.o
                0x08001008                HAL_NVIC_SetPriorityGrouping
 .text.HAL_NVIC_SetPriority
                0x0800102c       0x64 Drivers\STM32F1xx_HAL_Driver\Src\stm32f1xx_hal_cortex.o
                0x0800102c                HAL_NVIC_SetPriority
 .text.HAL_NVIC_EnableIRQ
                0x08001090       0x18 Drivers\STM32F1xx_HAL_Driver\Src\stm32f1xx_hal_cortex.o
                0x08001090                HAL_NVIC_EnableIRQ
 .text.RCC_Delay
                0x080010a8       0x2c Drivers\STM32F1xx_HAL_Driver\Src\stm32f1xx_hal_rcc.o
 .text.HAL_RCC_OscConfig
                0x080010d4      0x3e0 Drivers\STM32F1xx_HAL_Driver\Src\stm32f1xx_hal_rcc.o
                0x080010d4                HAL_RCC_OscConfig
 .text.HAL_RCC_GetSysClockFreq
                0x080014b4       0x6c Drivers\STM32F1xx_HAL_Driver\Src\stm32f1xx_hal_rcc.o
                0x080014b4                HAL_RCC_GetSysClockFreq
 .text.HAL_RCC_ClockConfig
                0x08001520      0x19c Drivers\STM32F1xx_HAL_Driver\Src\stm32f1xx_hal_rcc.o
                0x08001520                HAL_RCC_ClockConfig
 .text.HAL_RCC_GetHCLKFreq
                0x080016bc        0xc Drivers\STM32F1xx_HAL_Driver\Src\stm32f1xx_hal_rcc.o
                0x080016bc                HAL_RCC_GetHCLKFreq
 .text.HAL_RCC_GetPCLK1Freq
                0x080016c8       0x20 Drivers\STM32F1xx_HAL_Driver\Src\stm32f1xx_hal_rcc.o
                0x080016c8                HAL_RCC_GetPCLK1Freq
 .text.HAL_RCC_GetClockConfig
                0x080016e8       0x3c Drivers\STM32F1xx_HAL_Driver\Src\stm32f1xx_hal_rcc.o
                0x080016e8                HAL_RCC_GetClockConfig
 .text.HAL_TIM_Base_MspInit
                0x08001724        0x2 Drivers\STM32F1xx_HAL_Driver\Src\stm32f1xx_hal_tim.o
                0x08001724                HAL_TIM_Base_MspInit
 .text.HAL_TIM_Base_Start_IT
                0x08001726       0x18 Drivers\STM32F1xx_HAL_Driver\Src\stm32f1xx_hal_tim.o
                0x08001726                HAL_TIM_Base_Start_IT
 .text.HAL_TIM_OC_DelayElapsedCallback
                0x0800173e        0x2 Drivers\STM32F1xx_HAL_Driver\Src\stm32f1xx_hal_tim.o
                0x0800173e                HAL_TIM_OC_DelayElapsedCallback
 .text.HAL_TIM_IC_CaptureCallback
                0x08001740        0x2 Drivers\STM32F1xx_HAL_Driver\Src\stm32f1xx_hal_tim.o
                0x08001740                HAL_TIM_IC_CaptureCallback
 .text.HAL_TIM_PWM_PulseFinishedCallback
                0x08001742        0x2 Drivers\STM32F1xx_HAL_Driver\Src\stm32f1xx_hal_tim.o
                0x08001742                HAL_TIM_PWM_PulseFinishedCallback
 .text.HAL_TIM_TriggerCallback
                0x08001744        0x2 Drivers\STM32F1xx_HAL_Driver\Src\stm32f1xx_hal_tim.o
                0x08001744                HAL_TIM_TriggerCallback
 .text.HAL_TIM_IRQHandler
                0x08001746      0x17a Drivers\STM32F1xx_HAL_Driver\Src\stm32f1xx_hal_tim.o
                0x08001746                HAL_TIM_IRQHandler
 .text.TIM_Base_SetConfig
                0x080018c0       0x78 Drivers\STM32F1xx_HAL_Driver\Src\stm32f1xx_hal_tim.o
                0x080018c0                TIM_Base_SetConfig
 .text.HAL_TIM_Base_Init
                0x08001938       0x32 Drivers\STM32F1xx_HAL_Driver\Src\stm32f1xx_hal_tim.o
                0x08001938                HAL_TIM_Base_Init
 .text.HAL_TIMEx_CommutationCallback
                0x0800196a        0x2 Drivers\STM32F1xx_HAL_Driver\Src\stm32f1xx_hal_tim_ex.o
                0x0800196a                HAL_TIMEx_CommutationCallback
 .text.HAL_TIMEx_BreakCallback
                0x0800196c        0x2 Drivers\STM32F1xx_HAL_Driver\Src\stm32f1xx_hal_tim_ex.o
                0x0800196c                HAL_TIMEx_BreakCallback
 *fill*         0x0800196e        0x2 
 .text.MX_GPIO_Init
                0x08001970       0x44 Src\main.o
 .text.SystemClock_Config
                0x080019b4       0x54 Src\main.o
                0x080019b4                SystemClock_Config
 .text.main     0x08001a08       0x14 Src\main.o
                0x08001a08                main
 .text.HAL_TIM_PeriodElapsedCallback
                0x08001a1c       0x18 Src\main.o
                0x08001a1c                HAL_TIM_PeriodElapsedCallback
 .text.HAL_MspInit
                0x08001a34       0x44 Src\stm32f1xx_hal_msp.o
                0x08001a34                HAL_MspInit
 .text.HAL_InitTick
                0x08001a78       0x7c Src\stm32f1xx_hal_timebase_tim.o
                0x08001a78                HAL_InitTick
 .text.NMI_Handler
                0x08001af4        0x2 Src\stm32f1xx_it.o
                0x08001af4                NMI_Handler
 .text.HardFault_Handler
                0x08001af6        0x2 Src\stm32f1xx_it.o
                0x08001af6                HardFault_Handler
 .text.MemManage_Handler
                0x08001af8        0x2 Src\stm32f1xx_it.o
                0x08001af8                MemManage_Handler
 .text.BusFault_Handler
                0x08001afa        0x2 Src\stm32f1xx_it.o
                0x08001afa                BusFault_Handler
 .text.UsageFault_Handler
                0x08001afc        0x2 Src\stm32f1xx_it.o
                0x08001afc                UsageFault_Handler
 .text.DebugMon_Handler
                0x08001afe        0x2 Src\stm32f1xx_it.o
                0x08001afe                DebugMon_Handler
 .text.TIM4_IRQHandler
                0x08001b00       0x14 Src\stm32f1xx_it.o
                0x08001b00                TIM4_IRQHandler
 .text.SystemInit
                0x08001b14       0x4c Src\system_stm32f1xx.o
                0x08001b14                SystemInit
 .text.Reset_Handler
                0x08001b60       0x48 startup\startup_stm32f103xb.o
                0x08001b60                Reset_Handler
 .text.Default_Handler
                0x08001ba8        0x2 startup\startup_stm32f103xb.o
                0x08001ba8                RTC_Alarm_IRQHandler
                0x08001ba8                EXTI2_IRQHandler
                0x08001ba8                TIM1_CC_IRQHandler
                0x08001ba8                PVD_IRQHandler
                0x08001ba8                EXTI3_IRQHandler
                0x08001ba8                EXTI0_IRQHandler
                0x08001ba8                I2C2_EV_IRQHandler
                0x08001ba8                ADC1_2_IRQHandler
                0x08001ba8                SPI1_IRQHandler
                0x08001ba8                TAMPER_IRQHandler
                0x08001ba8                DMA1_Channel4_IRQHandler
                0x08001ba8                USART3_IRQHandler
                0x08001ba8                RTC_IRQHandler
                0x08001ba8                DMA1_Channel7_IRQHandler
                0x08001ba8                CAN1_RX1_IRQHandler
                0x08001ba8                I2C1_EV_IRQHandler
                0x08001ba8                DMA1_Channel6_IRQHandler
                0x08001ba8                TIM3_IRQHandler
                0x08001ba8                RCC_IRQHandler
                0x08001ba8                TIM1_TRG_COM_IRQHandler
                0x08001ba8                DMA1_Channel1_IRQHandler
                0x08001ba8                Default_Handler
                0x08001ba8                EXTI15_10_IRQHandler
                0x08001ba8                EXTI9_5_IRQHandler
                0x08001ba8                SPI2_IRQHandler
                0x08001ba8                DMA1_Channel5_IRQHandler
                0x08001ba8                EXTI4_IRQHandler
                0x08001ba8                USB_LP_CAN1_RX0_IRQHandler
                0x08001ba8                USB_HP_CAN1_TX_IRQHandler
                0x08001ba8                DMA1_Channel3_IRQHandler
                0x08001ba8                TIM1_UP_IRQHandler
                0x08001ba8                WWDG_IRQHandler
                0x08001ba8                TIM2_IRQHandler
                0x08001ba8                TIM1_BRK_IRQHandler
                0x08001ba8                EXTI1_IRQHandler
                0x08001ba8                USART2_IRQHandler
                0x08001ba8                I2C2_ER_IRQHandler
                0x08001ba8                DMA1_Channel2_IRQHandler
                0x08001ba8                CAN1_SCE_IRQHandler
                0x08001ba8                FLASH_IRQHandler
                0x08001ba8                USART1_IRQHandler
                0x08001ba8                I2C1_ER_IRQHandler
                0x08001ba8                USBWakeUp_IRQHandler
 *fill*         0x08001baa        0x2 
 .text.__libc_init_array
                0x08001bac       0x48 c:/program files (x86)/atollic/truestudio for stm32 9.3.0/armtools/bin/../lib/gcc/arm-atollic-eabi/6.3.1/../../../../arm-atollic-eabi/lib/armv7-m\libc_nano.a(lib_a-init.o)
                0x08001bac                __libc_init_array
 .text.memset   0x08001bf4       0x10 c:/program files (x86)/atollic/truestudio for stm32 9.3.0/armtools/bin/../lib/gcc/arm-atollic-eabi/6.3.1/../../../../arm-atollic-eabi/lib/armv7-m\libc_nano.a(lib_a-memset.o)
                0x08001bf4                memset
 *(.glue_7)
 .glue_7        0x08001c04        0x0 linker stubs
 *(.glue_7t)
 .glue_7t       0x08001c04        0x0 linker stubs
 *(.eh_frame)
 .eh_frame      0x08001c04        0x0 c:/program files (x86)/atollic/truestudio for stm32 9.3.0/armtools/bin/../lib/gcc/arm-atollic-eabi/6.3.1/armv7-m/crtbegin.o
 *(.init)
 .init          0x08001c04        0x4 c:/program files (x86)/atollic/truestudio for stm32 9.3.0/armtools/bin/../lib/gcc/arm-atollic-eabi/6.3.1/armv7-m/crti.o
                0x08001c04                _init
 .init          0x08001c08        0x8 c:/program files (x86)/atollic/truestudio for stm32 9.3.0/armtools/bin/../lib/gcc/arm-atollic-eabi/6.3.1/armv7-m/crtn.o
 *(.fini)
 .fini          0x08001c10        0x4 c:/program files (x86)/atollic/truestudio for stm32 9.3.0/armtools/bin/../lib/gcc/arm-atollic-eabi/6.3.1/armv7-m/crti.o
                0x08001c10                _fini
 .fini          0x08001c14        0x8 c:/program files (x86)/atollic/truestudio for stm32 9.3.0/armtools/bin/../lib/gcc/arm-atollic-eabi/6.3.1/armv7-m/crtn.o
                0x08001c1c                . = ALIGN (0x4)
                0x08001c1c                _etext = .

.vfp11_veneer   0x08001c1c        0x0
 .vfp11_veneer  0x08001c1c        0x0 linker stubs

.v4_bx          0x08001c1c        0x0
 .v4_bx         0x08001c1c        0x0 linker stubs

.iplt           0x08001c1c        0x0
 .iplt          0x08001c1c        0x0 c:/program files (x86)/atollic/truestudio for stm32 9.3.0/armtools/bin/../lib/gcc/arm-atollic-eabi/6.3.1/armv7-m/crtbegin.o

.rodata         0x08001c1c       0x50
                0x08001c1c                . = ALIGN (0x4)
 *(.rodata)
 .rodata        0x08001c1c       0x12 Drivers\STM32F1xx_HAL_Driver\Src\stm32f1xx_hal_rcc.o
 *(.rodata*)
 *fill*         0x08001c2e        0x2 
 .rodata.vTaskStartScheduler.str1.4
                0x08001c30        0x5 Application\application_main\FreeRTOS\Source\tasks.o
 *fill*         0x08001c35        0x3 
 .rodata.app_run.str1.4
                0x08001c38       0x10 Application\application_main\application_main.o
                                  0xe (size before relaxing)
 .rodata.serialData
                0x08001c48        0xb Application\application_main\task2.o
                0x08001c48                serialData
 *fill*         0x08001c53        0x1 
 .rodata.AHBPrescTable
                0x08001c54       0x10 Src\system_stm32f1xx.o
                0x08001c54                AHBPrescTable
 .rodata.APBPrescTable
                0x08001c64        0x8 Src\system_stm32f1xx.o
                0x08001c64                APBPrescTable
                0x08001c6c                . = ALIGN (0x4)

.rel.dyn        0x08001c6c        0x0
 .rel.iplt      0x08001c6c        0x0 c:/program files (x86)/atollic/truestudio for stm32 9.3.0/armtools/bin/../lib/gcc/arm-atollic-eabi/6.3.1/armv7-m/crtbegin.o

.ARM.extab
 *(.ARM.extab* .gnu.linkonce.armextab.*)

.ARM            0x08001c6c        0x0
                0x08001c6c                __exidx_start = .
 *(.ARM.exidx*)
                0x08001c6c                __exidx_end = .

.preinit_array  0x08001c6c        0x0
                0x08001c6c                PROVIDE (__preinit_array_start, .)
 *(.preinit_array*)
                0x08001c6c                PROVIDE (__preinit_array_end, .)

.init_array     0x08001c6c        0x4
                0x08001c6c                PROVIDE (__init_array_start, .)
 *(SORT(.init_array.*))
 *(.init_array*)
 .init_array    0x08001c6c        0x4 c:/program files (x86)/atollic/truestudio for stm32 9.3.0/armtools/bin/../lib/gcc/arm-atollic-eabi/6.3.1/armv7-m/crtbegin.o
                0x08001c70                PROVIDE (__init_array_end, .)

.fini_array     0x08001c70        0x4
                [!provide]                PROVIDE (__fini_array_start, .)
 *(SORT(.fini_array.*))
 *(.fini_array*)
 .fini_array    0x08001c70        0x4 c:/program files (x86)/atollic/truestudio for stm32 9.3.0/armtools/bin/../lib/gcc/arm-atollic-eabi/6.3.1/armv7-m/crtbegin.o
                [!provide]                PROVIDE (__fini_array_end, .)
                0x08001c74                _sidata = LOADADDR (.data)

.data           0x20000000        0xc load address 0x08001c74
                0x20000000                . = ALIGN (0x4)
                0x20000000                _sdata = .
 *(.data)
 *(.data*)
 .data.uxCriticalNesting
                0x20000000        0x4 Application\application_main\FreeRTOS\Source\portable\GCC\ARM_CM3\port.o
 .data.run      0x20000004        0x1 Application\application_main\task2.o
                0x20000004                run
 .data.uwTickFreq
                0x20000005        0x1 Drivers\STM32F1xx_HAL_Driver\Src\stm32f1xx_hal.o
                0x20000005                uwTickFreq
 *fill*         0x20000006        0x2 
 .data.SystemCoreClock
                0x20000008        0x4 Src\system_stm32f1xx.o
                0x20000008                SystemCoreClock
                0x2000000c                . = ALIGN (0x4)
                0x2000000c                _edata = .

.igot.plt       0x2000000c        0x0 load address 0x08001c80
 .igot.plt      0x2000000c        0x0 c:/program files (x86)/atollic/truestudio for stm32 9.3.0/armtools/bin/../lib/gcc/arm-atollic-eabi/6.3.1/armv7-m/crtbegin.o
                0x2000000c                . = ALIGN (0x4)

.bss            0x2000000c      0xb6c load address 0x08001c80
                0x2000000c                _sbss = .
                0x2000000c                __bss_start__ = _sbss
 *(.bss)
 .bss           0x2000000c       0x1c c:/program files (x86)/atollic/truestudio for stm32 9.3.0/armtools/bin/../lib/gcc/arm-atollic-eabi/6.3.1/armv7-m/crtbegin.o
 *(.bss*)
 .bss.ucMaxSysCallPriority
                0x20000028        0x1 Application\application_main\FreeRTOS\Source\portable\GCC\ARM_CM3\port.o
 *fill*         0x20000029        0x3 
 .bss.ulMaxPRIGROUPValue
                0x2000002c        0x4 Application\application_main\FreeRTOS\Source\portable\GCC\ARM_CM3\port.o
 .bss.pxCurrentTCB
                0x20000030        0x4 Application\application_main\FreeRTOS\Source\tasks.o
                0x20000030                pxCurrentTCB
 .bss.pxDelayedTaskList
                0x20000034        0x4 Application\application_main\FreeRTOS\Source\tasks.o
 .bss.pxOverflowDelayedTaskList
                0x20000038        0x4 Application\application_main\FreeRTOS\Source\tasks.o
 .bss.pxReadyTasksLists
                0x2000003c       0xc8 Application\application_main\FreeRTOS\Source\tasks.o
 .bss.uxCurrentNumberOfTasks
                0x20000104        0x4 Application\application_main\FreeRTOS\Source\tasks.o
 .bss.uxPendedTicks
                0x20000108        0x4 Application\application_main\FreeRTOS\Source\tasks.o
 .bss.uxSchedulerSuspended
                0x2000010c        0x4 Application\application_main\FreeRTOS\Source\tasks.o
 .bss.uxTaskNumber
                0x20000110        0x4 Application\application_main\FreeRTOS\Source\tasks.o
 .bss.uxTopReadyPriority
                0x20000114        0x4 Application\application_main\FreeRTOS\Source\tasks.o
 .bss.xDelayedTaskList1
                0x20000118       0x14 Application\application_main\FreeRTOS\Source\tasks.o
 .bss.xDelayedTaskList2
                0x2000012c       0x14 Application\application_main\FreeRTOS\Source\tasks.o
 .bss.xNextTaskUnblockTime
                0x20000140        0x4 Application\application_main\FreeRTOS\Source\tasks.o
 .bss.xNumOfOverflows
                0x20000144        0x4 Application\application_main\FreeRTOS\Source\tasks.o
 .bss.xPendingReadyList
                0x20000148       0x14 Application\application_main\FreeRTOS\Source\tasks.o
 .bss.xSchedulerRunning
                0x2000015c        0x4 Application\application_main\FreeRTOS\Source\tasks.o
 .bss.xSuspendedTaskList
                0x20000160       0x14 Application\application_main\FreeRTOS\Source\tasks.o
 .bss.xTickCount
                0x20000174        0x4 Application\application_main\FreeRTOS\Source\tasks.o
 .bss.xYieldPending
                0x20000178        0x4 Application\application_main\FreeRTOS\Source\tasks.o
 .bss.uxIdleTaskStack.4701
                0x2000017c      0x200 Application\application_main\application_main.o
 .bss.xIdleTaskTCB.4700
                0x2000037c       0x64 Application\application_main\application_main.o
 .bss.xTask1Handle
                0x200003e0        0x4 Application\application_main\application_main.o
                0x200003e0                xTask1Handle
 .bss.xTask2Handle
                0x200003e4        0x4 Application\application_main\application_main.o
                0x200003e4                xTask2Handle
 .bss.i         0x200003e8        0x4 Application\application_main\task1.o
 .bss.valor_recebido
                0x200003ec        0x1 Application\application_main\task1.o
 *fill*         0x200003ed        0x3 
 .bss.decoderStaticQueue
                0x200003f0       0x48 Application\application_main\task2.o
 .bss.idDecodificado
                0x20000438        0x1 Application\application_main\task2.o
                0x20000438                idDecodificado
 .bss.modeloDecodificado
                0x20000439        0x1 Application\application_main\task2.o
                0x20000439                modeloDecodificado
 .bss.nDadosDecodificado
                0x2000043a        0x1 Application\application_main\task2.o
                0x2000043a                nDadosDecodificado
 .bss.emFuncionamento
                0x2000043b        0x1 Application\bsp\bsp_led.o
                0x2000043b                emFuncionamento
 .bss.pAtrasoAntes
                0x2000043c        0x4 Application\bsp\bsp_led.o
                0x2000043c                pAtrasoAntes
 .bss.pAtrasoDepois
                0x20000440        0x4 Application\bsp\bsp_led.o
                0x20000440                pAtrasoDepois
 .bss.pCiclos   0x20000444        0x1 Application\bsp\bsp_led.o
                0x20000444                pCiclos
 .bss.pPrioridade
                0x20000445        0x1 Application\bsp\bsp_led.o
                0x20000445                pPrioridade
 *fill*         0x20000446        0x2 
 .bss.pTempoDesligado
                0x20000448        0x4 Application\bsp\bsp_led.o
                0x20000448                pTempoDesligado
 .bss.pTempoLigado
                0x2000044c        0x4 Application\bsp\bsp_led.o
                0x2000044c                pTempoLigado
 .bss.cks1      0x20000450        0x1 Application\lib\fsm_avi_rede.o
                0x20000450                cks1
 .bss.cks2      0x20000451        0x1 Application\lib\fsm_avi_rede.o
                0x20000451                cks2
 .bss.dataCount
                0x20000452        0x1 Application\lib\fsm_avi_rede.o
                0x20000452                dataCount
 .bss.estado    0x20000453        0x1 Application\lib\fsm_avi_rede.o
                0x20000453                estado
 .bss.frameDecodificado
                0x20000454        0x1 Application\lib\fsm_avi_rede.o
                0x20000454                frameDecodificado
 .bss.id        0x20000455        0x1 Application\lib\fsm_avi_rede.o
                0x20000455                id
 .bss.modelo    0x20000456        0x1 Application\lib\fsm_avi_rede.o
                0x20000456                modelo
 .bss.nDados    0x20000457        0x1 Application\lib\fsm_avi_rede.o
                0x20000457                nDados
 .bss.currentTime
                0x20000458        0x4 Application\lib\lib_utilities.o
 *(COMMON)
 COMMON         0x2000045c      0x4c8 Application\application_main\application_main.o
                0x2000045c                xTask1Buffer
                0x200004c0                xTask2Stack
                0x200006c0                xTask2Buffer
                0x20000724                xTask1Stack
 COMMON         0x20000924      0x110 Application\application_main\task2.o
                0x20000924                decoderQueueStorageArea
                0x20000930                dadosDecodificados
                0x20000a30                decoderQueueHandle
 COMMON         0x20000a34       0xff Application\lib\fsm_avi_rede.o
                0x20000a34                dados
 *fill*         0x20000b33        0x1 
 COMMON         0x20000b34        0x4 Drivers\STM32F1xx_HAL_Driver\Src\stm32f1xx_hal.o
                0x20000b34                uwTick
 COMMON         0x20000b38       0x40 Src\stm32f1xx_hal_timebase_tim.o
                0x20000b38                htim4
                0x20000b78                . = ALIGN (0x4)
                0x20000b78                _ebss = .
                0x20000b78                __bss_end__ = _ebss

._user_heap_stack
                0x20000b78      0x400 load address 0x08001c80
                0x20000b78                . = ALIGN (0x4)
                0x20000b78                PROVIDE (end, .)
                [!provide]                PROVIDE (_end, .)
                0x20000b78                . = (. + _Min_Heap_Size)
                0x20000f78                . = (. + _Min_Stack_Size)
 *fill*         0x20000b78      0x400 
                0x20000f78                . = ALIGN (0x4)

/DISCARD/
 libc.a(*)
 libm.a(*)
 libgcc.a(*)

.ARM.attributes
                0x00000000       0x29
 *(.ARM.attributes)
 .ARM.attributes
                0x00000000       0x1d c:/program files (x86)/atollic/truestudio for stm32 9.3.0/armtools/bin/../lib/gcc/arm-atollic-eabi/6.3.1/armv7-m/crti.o
 .ARM.attributes
                0x0000001d       0x2d c:/program files (x86)/atollic/truestudio for stm32 9.3.0/armtools/bin/../lib/gcc/arm-atollic-eabi/6.3.1/armv7-m/crtbegin.o
 .ARM.attributes
                0x0000004a       0x33 Application\application_main\FreeRTOS\Source\list.o
 .ARM.attributes
                0x0000007d       0x33 Application\application_main\FreeRTOS\Source\portable\GCC\ARM_CM3\port.o
 .ARM.attributes
                0x000000b0       0x33 Application\application_main\FreeRTOS\Source\queue.o
 .ARM.attributes
                0x000000e3       0x33 Application\application_main\FreeRTOS\Source\tasks.o
 .ARM.attributes
                0x00000116       0x33 Application\application_main\application_main.o
 .ARM.attributes
                0x00000149       0x33 Application\application_main\task1.o
 .ARM.attributes
                0x0000017c       0x33 Application\application_main\task2.o
 .ARM.attributes
                0x000001af       0x33 Application\bsp\bsp_led.o
 .ARM.attributes
                0x000001e2       0x33 Application\lib\fsm_avi_rede.o
 .ARM.attributes
                0x00000215       0x33 Application\lib\lib_utilities.o
 .ARM.attributes
                0x00000248       0x33 Drivers\STM32F1xx_HAL_Driver\Src\stm32f1xx_hal.o
 .ARM.attributes
                0x0000027b       0x33 Drivers\STM32F1xx_HAL_Driver\Src\stm32f1xx_hal_cortex.o
 .ARM.attributes
                0x000002ae       0x33 Drivers\STM32F1xx_HAL_Driver\Src\stm32f1xx_hal_rcc.o
 .ARM.attributes
                0x000002e1       0x33 Drivers\STM32F1xx_HAL_Driver\Src\stm32f1xx_hal_tim.o
 .ARM.attributes
                0x00000314       0x33 Drivers\STM32F1xx_HAL_Driver\Src\stm32f1xx_hal_tim_ex.o
 .ARM.attributes
                0x00000347       0x33 Src\main.o
 .ARM.attributes
                0x0000037a       0x33 Src\stm32f1xx_hal_msp.o
 .ARM.attributes
                0x000003ad       0x33 Src\stm32f1xx_hal_timebase_tim.o
 .ARM.attributes
                0x000003e0       0x33 Src\stm32f1xx_it.o
 .ARM.attributes
                0x00000413       0x33 Src\system_stm32f1xx.o
 .ARM.attributes
                0x00000446       0x21 startup\startup_stm32f103xb.o
 .ARM.attributes
                0x00000467       0x2d c:/program files (x86)/atollic/truestudio for stm32 9.3.0/armtools/bin/../lib/gcc/arm-atollic-eabi/6.3.1/../../../../arm-atollic-eabi/lib/armv7-m\libc_nano.a(lib_a-init.o)
 .ARM.attributes
                0x00000494       0x2d c:/program files (x86)/atollic/truestudio for stm32 9.3.0/armtools/bin/../lib/gcc/arm-atollic-eabi/6.3.1/../../../../arm-atollic-eabi/lib/armv7-m\libc_nano.a(lib_a-memset.o)
 .ARM.attributes
                0x000004c1       0x1d c:/program files (x86)/atollic/truestudio for stm32 9.3.0/armtools/bin/../lib/gcc/arm-atollic-eabi/6.3.1/armv7-m/crtn.o
OUTPUT(Treinamento1.elf elf32-littlearm)

.debug_info     0x00000000    0x1496c
 .debug_info    0x00000000      0xacb Application\application_main\FreeRTOS\Source\list.o
 .debug_info    0x00000acb      0x50e Application\application_main\FreeRTOS\Source\portable\GCC\ARM_CM3\port.o
 .debug_info    0x00000fd9     0x2611 Application\application_main\FreeRTOS\Source\queue.o
 .debug_info    0x000035ea     0x2850 Application\application_main\FreeRTOS\Source\tasks.o
 .debug_info    0x00005e3a      0x43d Application\application_main\application_main.o
 .debug_info    0x00006277      0x165 Application\application_main\task1.o
 .debug_info    0x000063dc      0x4b2 Application\application_main\task2.o
 .debug_info    0x0000688e      0xc69 Application\bsp\bsp_led.o
 .debug_info    0x000074f7      0x21c Application\lib\fsm_avi_rede.o
 .debug_info    0x00007713      0x103 Application\lib\lib_utilities.o
 .debug_info    0x00007816      0xfa4 Drivers\STM32F1xx_HAL_Driver\Src\stm32f1xx_hal.o
 .debug_info    0x000087ba     0x14ad Drivers\STM32F1xx_HAL_Driver\Src\stm32f1xx_hal_cortex.o
 .debug_info    0x00009c67     0x1225 Drivers\STM32F1xx_HAL_Driver\Src\stm32f1xx_hal_rcc.o
 .debug_info    0x0000ae8c     0x3687 Drivers\STM32F1xx_HAL_Driver\Src\stm32f1xx_hal_tim.o
 .debug_info    0x0000e513     0x1adb Drivers\STM32F1xx_HAL_Driver\Src\stm32f1xx_hal_tim_ex.o
 .debug_info    0x0000ffee     0x115a Src\main.o
 .debug_info    0x00011148      0xade Src\stm32f1xx_hal_msp.o
 .debug_info    0x00011c26     0x11c6 Src\stm32f1xx_hal_timebase_tim.o
 .debug_info    0x00012dec      0xea1 Src\stm32f1xx_it.o
 .debug_info    0x00013c8d      0xc4d Src\system_stm32f1xx.o
 .debug_info    0x000148da       0x92 startup\startup_stm32f103xb.o

.debug_abbrev   0x00000000     0x2c65
 .debug_abbrev  0x00000000      0x1ea Application\application_main\FreeRTOS\Source\list.o
 .debug_abbrev  0x000001ea      0x23a Application\application_main\FreeRTOS\Source\portable\GCC\ARM_CM3\port.o
 .debug_abbrev  0x00000424      0x37a Application\application_main\FreeRTOS\Source\queue.o
 .debug_abbrev  0x0000079e      0x37a Application\application_main\FreeRTOS\Source\tasks.o
 .debug_abbrev  0x00000b18      0x156 Application\application_main\application_main.o
 .debug_abbrev  0x00000c6e       0xf1 Application\application_main\task1.o
 .debug_abbrev  0x00000d5f      0x1e6 Application\application_main\task2.o
 .debug_abbrev  0x00000f45      0x22d Application\bsp\bsp_led.o
 .debug_abbrev  0x00001172       0xfa Application\lib\fsm_avi_rede.o
 .debug_abbrev  0x0000126c       0xb9 Application\lib\lib_utilities.o
 .debug_abbrev  0x00001325      0x2c4 Drivers\STM32F1xx_HAL_Driver\Src\stm32f1xx_hal.o
 .debug_abbrev  0x000015e9      0x39f Drivers\STM32F1xx_HAL_Driver\Src\stm32f1xx_hal_cortex.o
 .debug_abbrev  0x00001988      0x2f8 Drivers\STM32F1xx_HAL_Driver\Src\stm32f1xx_hal_rcc.o
 .debug_abbrev  0x00001c80      0x2b0 Drivers\STM32F1xx_HAL_Driver\Src\stm32f1xx_hal_tim.o
 .debug_abbrev  0x00001f30      0x2a1 Drivers\STM32F1xx_HAL_Driver\Src\stm32f1xx_hal_tim_ex.o
 .debug_abbrev  0x000021d1      0x28a Src\main.o
 .debug_abbrev  0x0000245b      0x1c0 Src\stm32f1xx_hal_msp.o
 .debug_abbrev  0x0000261b      0x25a Src\stm32f1xx_hal_timebase_tim.o
 .debug_abbrev  0x00002875      0x1f3 Src\stm32f1xx_it.o
 .debug_abbrev  0x00002a68      0x1eb Src\system_stm32f1xx.o
 .debug_abbrev  0x00002c53       0x12 startup\startup_stm32f103xb.o

.debug_loc      0x00000000     0x7d3d
 .debug_loc     0x00000000       0x70 Application\application_main\FreeRTOS\Source\list.o
 .debug_loc     0x00000070       0xce Application\application_main\FreeRTOS\Source\portable\GCC\ARM_CM3\port.o
 .debug_loc     0x0000013e     0x1178 Application\application_main\FreeRTOS\Source\queue.o
 .debug_loc     0x000012b6     0x1592 Application\application_main\FreeRTOS\Source\tasks.o
 .debug_loc     0x00002848       0x89 Application\application_main\application_main.o
 .debug_loc     0x000028d1       0x42 Application\application_main\task1.o
 .debug_loc     0x00002913       0x4b Application\application_main\task2.o
 .debug_loc     0x0000295e      0x160 Application\bsp\bsp_led.o
 .debug_loc     0x00002abe      0x10f Application\lib\fsm_avi_rede.o
 .debug_loc     0x00002bcd       0x58 Application\lib\lib_utilities.o
 .debug_loc     0x00002c25      0x108 Drivers\STM32F1xx_HAL_Driver\Src\stm32f1xx_hal.o
 .debug_loc     0x00002d2d      0x5ad Drivers\STM32F1xx_HAL_Driver\Src\stm32f1xx_hal_cortex.o
 .debug_loc     0x000032da      0x4d1 Drivers\STM32F1xx_HAL_Driver\Src\stm32f1xx_hal_rcc.o
 .debug_loc     0x000037ab     0x34d2 Drivers\STM32F1xx_HAL_Driver\Src\stm32f1xx_hal_tim.o
 .debug_loc     0x00006c7d      0xf2e Drivers\STM32F1xx_HAL_Driver\Src\stm32f1xx_hal_tim_ex.o
 .debug_loc     0x00007bab       0x3a Src\main.o
 .debug_loc     0x00007be5       0x79 Src\stm32f1xx_hal_timebase_tim.o
 .debug_loc     0x00007c5e       0xdf Src\system_stm32f1xx.o

.debug_aranges  0x00000000      0xc20
 .debug_aranges
                0x00000000       0x40 Application\application_main\FreeRTOS\Source\list.o
 .debug_aranges
                0x00000040       0x78 Application\application_main\FreeRTOS\Source\portable\GCC\ARM_CM3\port.o
 .debug_aranges
                0x000000b8       0xf8 Application\application_main\FreeRTOS\Source\queue.o
 .debug_aranges
                0x000001b0      0x178 Application\application_main\FreeRTOS\Source\tasks.o
 .debug_aranges
                0x00000328       0x38 Application\application_main\application_main.o
 .debug_aranges
                0x00000360       0x28 Application\application_main\task1.o
 .debug_aranges
                0x00000388       0x28 Application\application_main\task2.o
 .debug_aranges
                0x000003b0       0x40 Application\bsp\bsp_led.o
 .debug_aranges
                0x000003f0       0x40 Application\lib\fsm_avi_rede.o
 .debug_aranges
                0x00000430       0x30 Application\lib\lib_utilities.o
 .debug_aranges
                0x00000460       0xd0 Drivers\STM32F1xx_HAL_Driver\Src\stm32f1xx_hal.o
 .debug_aranges
                0x00000530       0x90 Drivers\STM32F1xx_HAL_Driver\Src\stm32f1xx_hal_cortex.o
 .debug_aranges
                0x000005c0       0x90 Drivers\STM32F1xx_HAL_Driver\Src\stm32f1xx_hal_rcc.o
 .debug_aranges
                0x00000650      0x368 Drivers\STM32F1xx_HAL_Driver\Src\stm32f1xx_hal_tim.o
 .debug_aranges
                0x000009b8      0x138 Drivers\STM32F1xx_HAL_Driver\Src\stm32f1xx_hal_tim_ex.o
 .debug_aranges
                0x00000af0       0x40 Src\main.o
 .debug_aranges
                0x00000b30       0x20 Src\stm32f1xx_hal_msp.o
 .debug_aranges
                0x00000b50       0x30 Src\stm32f1xx_hal_timebase_tim.o
 .debug_aranges
                0x00000b80       0x50 Src\stm32f1xx_it.o
 .debug_aranges
                0x00000bd0       0x28 Src\system_stm32f1xx.o
 .debug_aranges
                0x00000bf8       0x28 startup\startup_stm32f103xb.o

.debug_ranges   0x00000000      0xd40
 .debug_ranges  0x00000000       0x30 Application\application_main\FreeRTOS\Source\list.o
 .debug_ranges  0x00000030       0x68 Application\application_main\FreeRTOS\Source\portable\GCC\ARM_CM3\port.o
 .debug_ranges  0x00000098      0x1d8 Application\application_main\FreeRTOS\Source\queue.o
 .debug_ranges  0x00000270      0x248 Application\application_main\FreeRTOS\Source\tasks.o
 .debug_ranges  0x000004b8       0x28 Application\application_main\application_main.o
 .debug_ranges  0x000004e0       0x18 Application\application_main\task1.o
 .debug_ranges  0x000004f8       0x30 Application\application_main\task2.o
 .debug_ranges  0x00000528       0x30 Application\bsp\bsp_led.o
 .debug_ranges  0x00000558       0x30 Application\lib\fsm_avi_rede.o
 .debug_ranges  0x00000588       0x20 Application\lib\lib_utilities.o
 .debug_ranges  0x000005a8       0xc0 Drivers\STM32F1xx_HAL_Driver\Src\stm32f1xx_hal.o
 .debug_ranges  0x00000668       0xe0 Drivers\STM32F1xx_HAL_Driver\Src\stm32f1xx_hal_cortex.o
 .debug_ranges  0x00000748       0xa0 Drivers\STM32F1xx_HAL_Driver\Src\stm32f1xx_hal_rcc.o
 .debug_ranges  0x000007e8      0x358 Drivers\STM32F1xx_HAL_Driver\Src\stm32f1xx_hal_tim.o
 .debug_ranges  0x00000b40      0x128 Drivers\STM32F1xx_HAL_Driver\Src\stm32f1xx_hal_tim_ex.o
 .debug_ranges  0x00000c68       0x30 Src\main.o
 .debug_ranges  0x00000c98       0x10 Src\stm32f1xx_hal_msp.o
 .debug_ranges  0x00000ca8       0x20 Src\stm32f1xx_hal_timebase_tim.o
 .debug_ranges  0x00000cc8       0x40 Src\stm32f1xx_it.o
 .debug_ranges  0x00000d08       0x18 Src\system_stm32f1xx.o
 .debug_ranges  0x00000d20       0x20 startup\startup_stm32f103xb.o

.debug_line     0x00000000     0x67ed
 .debug_line    0x00000000      0x426 Application\application_main\FreeRTOS\Source\list.o
 .debug_line    0x00000426      0x42e Application\application_main\FreeRTOS\Source\portable\GCC\ARM_CM3\port.o
 .debug_line    0x00000854      0xa49 Application\application_main\FreeRTOS\Source\queue.o
 .debug_line    0x0000129d      0xc76 Application\application_main\FreeRTOS\Source\tasks.o
 .debug_line    0x00001f13      0x305 Application\application_main\application_main.o
 .debug_line    0x00002218      0x23c Application\application_main\task1.o
 .debug_line    0x00002454      0x39a Application\application_main\task2.o
 .debug_line    0x000027ee      0x34e Application\bsp\bsp_led.o
 .debug_line    0x00002b3c      0x1c7 Application\lib\fsm_avi_rede.o
 .debug_line    0x00002d03      0x163 Application\lib\lib_utilities.o
 .debug_line    0x00002e66      0x464 Drivers\STM32F1xx_HAL_Driver\Src\stm32f1xx_hal.o
 .debug_line    0x000032ca      0x441 Drivers\STM32F1xx_HAL_Driver\Src\stm32f1xx_hal_cortex.o
 .debug_line    0x0000370b      0x5c8 Drivers\STM32F1xx_HAL_Driver\Src\stm32f1xx_hal_rcc.o
 .debug_line    0x00003cd3     0x12ab Drivers\STM32F1xx_HAL_Driver\Src\stm32f1xx_hal_tim.o
 .debug_line    0x00004f7e      0x86e Drivers\STM32F1xx_HAL_Driver\Src\stm32f1xx_hal_tim_ex.o
 .debug_line    0x000057ec      0x3a5 Src\main.o
 .debug_line    0x00005b91      0x27d Src\stm32f1xx_hal_msp.o
 .debug_line    0x00005e0e      0x328 Src\stm32f1xx_hal_timebase_tim.o
 .debug_line    0x00006136      0x374 Src\stm32f1xx_it.o
 .debug_line    0x000064aa      0x2c6 Src\system_stm32f1xx.o
 .debug_line    0x00006770       0x7d startup\startup_stm32f103xb.o

.debug_str      0x00000000     0x4393
 .debug_str     0x00000000      0x6ba Application\application_main\FreeRTOS\Source\list.o
                                0x755 (size before relaxing)
 .debug_str     0x000006ba      0x2ae Application\application_main\FreeRTOS\Source\portable\GCC\ARM_CM3\port.o
                                0x48b (size before relaxing)
 .debug_str     0x00000968      0x77a Application\application_main\FreeRTOS\Source\queue.o
                                0xf0e (size before relaxing)
 .debug_str     0x000010e2      0x90a Application\application_main\FreeRTOS\Source\tasks.o
                               0x135d (size before relaxing)
 .debug_str     0x000019ec      0x189 Application\application_main\application_main.o
                                0x47e (size before relaxing)
 .debug_str     0x00001b75       0x68 Application\application_main\task1.o
                                0x253 (size before relaxing)
 .debug_str     0x00001bdd      0x144 Application\application_main\task2.o
                                0x444 (size before relaxing)
 .debug_str     0x00001d21      0x22e Application\bsp\bsp_led.o
                                0x832 (size before relaxing)
 .debug_str     0x00001f4f       0x9c Application\lib\fsm_avi_rede.o
                                0x2a1 (size before relaxing)
 .debug_str     0x00001feb       0x56 Application\lib\lib_utilities.o
                                0x204 (size before relaxing)
 .debug_str     0x00002041      0x5a3 Drivers\STM32F1xx_HAL_Driver\Src\stm32f1xx_hal.o
                                0xc88 (size before relaxing)
 .debug_str     0x000025e4      0x2e1 Drivers\STM32F1xx_HAL_Driver\Src\stm32f1xx_hal_cortex.o
                                0xdb0 (size before relaxing)
 .debug_str     0x000028c5      0x350 Drivers\STM32F1xx_HAL_Driver\Src\stm32f1xx_hal_rcc.o
                                0xaf4 (size before relaxing)
 .debug_str     0x00002c15     0x10de Drivers\STM32F1xx_HAL_Driver\Src\stm32f1xx_hal_tim.o
                               0x184c (size before relaxing)
 .debug_str     0x00003cf3      0x4f1 Drivers\STM32F1xx_HAL_Driver\Src\stm32f1xx_hal_tim_ex.o
                               0x10ee (size before relaxing)
 .debug_str     0x000041e4       0x48 Src\main.o
                                0xc72 (size before relaxing)
 .debug_str     0x0000422c       0x3f Src\stm32f1xx_hal_msp.o
                                0x731 (size before relaxing)
 .debug_str     0x0000426b       0x50 Src\stm32f1xx_hal_timebase_tim.o
                                0xf00 (size before relaxing)
 .debug_str     0x000042bb       0x8b Src\stm32f1xx_it.o
                                0xafd (size before relaxing)
 .debug_str     0x00004346       0x4d Src\system_stm32f1xx.o
                                0x786 (size before relaxing)

.comment        0x00000000       0x7c
 .comment       0x00000000       0x7c Application\application_main\FreeRTOS\Source\list.o
                                 0x7d (size before relaxing)
 .comment       0x0000007c       0x7d Application\application_main\FreeRTOS\Source\portable\GCC\ARM_CM3\port.o
 .comment       0x0000007c       0x7d Application\application_main\FreeRTOS\Source\queue.o
 .comment       0x0000007c       0x7d Application\application_main\FreeRTOS\Source\tasks.o
 .comment       0x0000007c       0x7d Application\application_main\application_main.o
 .comment       0x0000007c       0x7d Application\application_main\task1.o
 .comment       0x0000007c       0x7d Application\application_main\task2.o
 .comment       0x0000007c       0x7d Application\bsp\bsp_led.o
 .comment       0x0000007c       0x7d Application\lib\fsm_avi_rede.o
 .comment       0x0000007c       0x7d Application\lib\lib_utilities.o
 .comment       0x0000007c       0x7d Drivers\STM32F1xx_HAL_Driver\Src\stm32f1xx_hal.o
 .comment       0x0000007c       0x7d Drivers\STM32F1xx_HAL_Driver\Src\stm32f1xx_hal_cortex.o
 .comment       0x0000007c       0x7d Drivers\STM32F1xx_HAL_Driver\Src\stm32f1xx_hal_rcc.o
 .comment       0x0000007c       0x7d Drivers\STM32F1xx_HAL_Driver\Src\stm32f1xx_hal_tim.o
 .comment       0x0000007c       0x7d Drivers\STM32F1xx_HAL_Driver\Src\stm32f1xx_hal_tim_ex.o
 .comment       0x0000007c       0x7d Src\main.o
 .comment       0x0000007c       0x7d Src\stm32f1xx_hal_msp.o
 .comment       0x0000007c       0x7d Src\stm32f1xx_hal_timebase_tim.o
 .comment       0x0000007c       0x7d Src\stm32f1xx_it.o
 .comment       0x0000007c       0x7d Src\system_stm32f1xx.o

.debug_frame    0x00000000     0x1e58
 .debug_frame   0x00000000       0x6c Application\application_main\FreeRTOS\Source\list.o
 .debug_frame   0x0000006c       0xf0 Application\application_main\FreeRTOS\Source\portable\GCC\ARM_CM3\port.o
 .debug_frame   0x0000015c      0x30c Application\application_main\FreeRTOS\Source\queue.o
 .debug_frame   0x00000468      0x46c Application\application_main\FreeRTOS\Source\tasks.o
 .debug_frame   0x000008d4       0x58 Application\application_main\application_main.o
 .debug_frame   0x0000092c       0x38 Application\application_main\task1.o
 .debug_frame   0x00000964       0x3c Application\application_main\task2.o
 .debug_frame   0x000009a0       0x78 Application\bsp\bsp_led.o
 .debug_frame   0x00000a18       0x60 Application\lib\fsm_avi_rede.o
 .debug_frame   0x00000a78       0x40 Application\lib\lib_utilities.o
 .debug_frame   0x00000ab8      0x1ac Drivers\STM32F1xx_HAL_Driver\Src\stm32f1xx_hal.o
 .debug_frame   0x00000c64      0x12c Drivers\STM32F1xx_HAL_Driver\Src\stm32f1xx_hal_cortex.o
 .debug_frame   0x00000d90      0x170 Drivers\STM32F1xx_HAL_Driver\Src\stm32f1xx_hal_rcc.o
 .debug_frame   0x00000f00      0x9e0 Drivers\STM32F1xx_HAL_Driver\Src\stm32f1xx_hal_tim.o
 .debug_frame   0x000018e0      0x374 Drivers\STM32F1xx_HAL_Driver\Src\stm32f1xx_hal_tim_ex.o
 .debug_frame   0x00001c54       0x88 Src\main.o
 .debug_frame   0x00001cdc       0x28 Src\stm32f1xx_hal_msp.o
 .debug_frame   0x00001d04       0x50 Src\stm32f1xx_hal_timebase_tim.o
 .debug_frame   0x00001d54       0x88 Src\stm32f1xx_it.o
 .debug_frame   0x00001ddc       0x30 Src\system_stm32f1xx.o
 .debug_frame   0x00001e0c       0x2c c:/program files (x86)/atollic/truestudio for stm32 9.3.0/armtools/bin/../lib/gcc/arm-atollic-eabi/6.3.1/../../../../arm-atollic-eabi/lib/armv7-m\libc_nano.a(lib_a-init.o)
 .debug_frame   0x00001e38       0x20 c:/program files (x86)/atollic/truestudio for stm32 9.3.0/armtools/bin/../lib/gcc/arm-atollic-eabi/6.3.1/../../../../arm-atollic-eabi/lib/armv7-m\libc_nano.a(lib_a-memset.o)
