Archive member included to satisfy reference by file (symbol)

c:/program files (x86)/atollic/truestudio for stm32 9.3.0/armtools/bin/../lib/gcc/arm-atollic-eabi/6.3.1/../../../../arm-atollic-eabi/lib/armv7-m\libc_nano.a(lib_a-errno.o)
                              Src\syscalls.o (__errno)
c:/program files (x86)/atollic/truestudio for stm32 9.3.0/armtools/bin/../lib/gcc/arm-atollic-eabi/6.3.1/../../../../arm-atollic-eabi/lib/armv7-m\libc_nano.a(lib_a-impure.o)
                              c:/program files (x86)/atollic/truestudio for stm32 9.3.0/armtools/bin/../lib/gcc/arm-atollic-eabi/6.3.1/../../../../arm-atollic-eabi/lib/armv7-m\libc_nano.a(lib_a-errno.o) (_impure_ptr)
c:/program files (x86)/atollic/truestudio for stm32 9.3.0/armtools/bin/../lib/gcc/arm-atollic-eabi/6.3.1/../../../../arm-atollic-eabi/lib/armv7-m\libc_nano.a(lib_a-init.o)
                              startup\startup_stm32f103xb.o (__libc_init_array)
c:/program files (x86)/atollic/truestudio for stm32 9.3.0/armtools/bin/../lib/gcc/arm-atollic-eabi/6.3.1/../../../../arm-atollic-eabi/lib/armv7-m\libc_nano.a(lib_a-memcpy-stub.o)
                              Application\application_main\FreeRTOS\Source\queue.o (memcpy)
c:/program files (x86)/atollic/truestudio for stm32 9.3.0/armtools/bin/../lib/gcc/arm-atollic-eabi/6.3.1/../../../../arm-atollic-eabi/lib/armv7-m\libc_nano.a(lib_a-memset.o)
                              Application\application_main\FreeRTOS\Source\stream_buffer.o (memset)

Allocating common symbols
Common symbol       size              file

htim4               0x40              Src\stm32f1xx_hal_timebase_tim.o
xTask1Buffer        0x64              Application\application_main\application_main.o
dadosDecodificados  0xff              Application\application_main\task2.o
xTask2Stack         0x200             Application\application_main\application_main.o
xTask2Buffer        0x64              Application\application_main\application_main.o
dados               0xff              Application\lib\fsm_avi_rede.o
uwTick              0x4               Drivers\STM32F1xx_HAL_Driver\Src\stm32f1xx_hal.o
xQueueRegistry      0x28              Application\application_main\FreeRTOS\Source\queue.o
pFlash              0x20              Drivers\STM32F1xx_HAL_Driver\Src\stm32f1xx_hal_flash.o
xTask1Stack         0x200             Application\application_main\application_main.o

Discarded input sections

 .text          0x00000000        0x0 c:/program files (x86)/atollic/truestudio for stm32 9.3.0/armtools/bin/../lib/gcc/arm-atollic-eabi/6.3.1/armv7-m/crti.o
 .data          0x00000000        0x0 c:/program files (x86)/atollic/truestudio for stm32 9.3.0/armtools/bin/../lib/gcc/arm-atollic-eabi/6.3.1/armv7-m/crti.o
 .bss           0x00000000        0x0 c:/program files (x86)/atollic/truestudio for stm32 9.3.0/armtools/bin/../lib/gcc/arm-atollic-eabi/6.3.1/armv7-m/crti.o
 .data          0x00000000        0x4 c:/program files (x86)/atollic/truestudio for stm32 9.3.0/armtools/bin/../lib/gcc/arm-atollic-eabi/6.3.1/armv7-m/crtbegin.o
 .text          0x00000000        0x0 Application\application_main\FreeRTOS\Source\croutine.o
 .data          0x00000000        0x0 Application\application_main\FreeRTOS\Source\croutine.o
 .bss           0x00000000        0x0 Application\application_main\FreeRTOS\Source\croutine.o
 .debug_info    0x00000000       0x9a Application\application_main\FreeRTOS\Source\croutine.o
 .debug_abbrev  0x00000000       0x44 Application\application_main\FreeRTOS\Source\croutine.o
 .debug_aranges
                0x00000000       0x18 Application\application_main\FreeRTOS\Source\croutine.o
 .debug_line    0x00000000      0x168 Application\application_main\FreeRTOS\Source\croutine.o
 .debug_str     0x00000000      0x1f4 Application\application_main\FreeRTOS\Source\croutine.o
 .comment       0x00000000       0x7d Application\application_main\FreeRTOS\Source\croutine.o
 .ARM.attributes
                0x00000000       0x33 Application\application_main\FreeRTOS\Source\croutine.o
 .text          0x00000000        0x0 Application\application_main\FreeRTOS\Source\event_groups.o
 .data          0x00000000        0x0 Application\application_main\FreeRTOS\Source\event_groups.o
 .bss           0x00000000        0x0 Application\application_main\FreeRTOS\Source\event_groups.o
 .text.prvTestWaitCondition
                0x00000000       0x1c Application\application_main\FreeRTOS\Source\event_groups.o
 .text.xEventGroupCreateStatic
                0x00000000       0x46 Application\application_main\FreeRTOS\Source\event_groups.o
 .text.xEventGroupWaitBits
                0x00000000       0xec Application\application_main\FreeRTOS\Source\event_groups.o
 .text.xEventGroupClearBits
                0x00000000       0x46 Application\application_main\FreeRTOS\Source\event_groups.o
 .text.xEventGroupGetBitsFromISR
                0x00000000       0x1c Application\application_main\FreeRTOS\Source\event_groups.o
 .text.xEventGroupSetBits
[...]
Memory Configuration

Name             Origin             Length             Attributes
RAM              0x20000000         0x00005000         xrw
FLASH            0x08000000         0x00010000         xr
*default*        0x00000000         0xffffffff

Linker script and memory map

LOAD c:/program files (x86)/atollic/truestudio for stm32 9.3.0/armtools/bin/../lib/gcc/arm-atollic-eabi/6.3.1/armv7-m/crti.o
LOAD c:/program files (x86)/atollic/truestudio for stm32 9.3.0/armtools/bin/../lib/gcc/arm-atollic-eabi/6.3.1/armv7-m/crtbegin.o
LOAD Application\application_main\FreeRTOS\Source\croutine.o
LOAD Application\application_main\FreeRTOS\Source\event_groups.o
LOAD Application\application_main\FreeRTOS\Source\list.o
LOAD Application\application_main\FreeRTOS\Source\portable\GCC\ARM_CM3\port.o
LOAD Application\application_main\FreeRTOS\Source\queue.o
LOAD Application\application_main\FreeRTOS\Source\stream_buffer.o
LOAD Application\application_main\FreeRTOS\Source\tasks.o
LOAD Application\application_main\FreeRTOS\Source\timers.o
LOAD Application\application_main\application_main.o
LOAD Application\application_main\task1.o
LOAD Application\application_main\task2.o
LOAD Application\bsp\bsp_led.o
LOAD Application\lib\fsm_avi_rede.o
LOAD Application\lib\lib_utilities.o
LOAD Drivers\STM32F1xx_HAL_Driver\Src\stm32f1xx_hal.o
LOAD Drivers\STM32F1xx_HAL_Driver\Src\stm32f1xx_hal_cortex.o
LOAD Drivers\STM32F1xx_HAL_Driver\Src\stm32f1xx_hal_dma.o
LOAD Drivers\STM32F1xx_HAL_Driver\Src\stm32f1xx_hal_flash.o
LOAD Drivers\STM32F1xx_HAL_Driver\Src\stm32f1xx_hal_flash_ex.o
LOAD Drivers\STM32F1xx_HAL_Driver\Src\stm32f1xx_hal_gpio.o
LOAD Drivers\STM32F1xx_HAL_Driver\Src\stm32f1xx_hal_gpio_ex.o
LOAD Drivers\STM32F1xx_HAL_Driver\Src\stm32f1xx_hal_pwr.o
LOAD Drivers\STM32F1xx_HAL_Driver\Src\stm32f1xx_hal_rcc.o
LOAD Drivers\STM32F1xx_HAL_Driver\Src\stm32f1xx_hal_rcc_ex.o
LOAD Drivers\STM32F1xx_HAL_Driver\Src\stm32f1xx_hal_tim.o
LOAD Drivers\STM32F1xx_HAL_Driver\Src\stm32f1xx_hal_tim_ex.o
LOAD Src\main.o
LOAD Src\stm32f1xx_hal_msp.o
LOAD Src\stm32f1xx_hal_timebase_tim.o
LOAD Src\stm32f1xx_it.o
LOAD Src\syscalls.o
LOAD Src\system_stm32f1xx.o
LOAD startup\startup_stm32f103xb.o
                0x00000080                malloc_getpagesize_P = 0x80
START GROUP
LOAD c:/program files (x86)/atollic/truestudio for stm32 9.3.0/armtools/bin/../lib/gcc/arm-atollic-eabi/6.3.1/../../../../arm-atollic-eabi/lib/armv7-m\libc_nano.a
LOAD c:/program files (x86)/atollic/truestudio for stm32 9.3.0/armtools/bin/../lib/gcc/arm-atollic-eabi/6.3.1/../../../../arm-atollic-eabi/lib/armv7-m\libm.a
END GROUP
START GROUP
LOAD c:/program files (x86)/atollic/truestudio for stm32 9.3.0/armtools/bin/../lib/gcc/arm-atollic-eabi/6.3.1/armv7-m\libgcc.a
LOAD c:/program files (x86)/atollic/truestudio for stm32 9.3.0/armtools/bin/../lib/gcc/arm-atollic-eabi/6.3.1/../../../../arm-atollic-eabi/lib/armv7-m\libc_nano.a
END GROUP
START GROUP
LOAD c:/program files (x86)/atollic/truestudio for stm32 9.3.0/armtools/bin/../lib/gcc/arm-atollic-eabi/6.3.1/armv7-m\libgcc.a
LOAD c:/program files (x86)/atollic/truestudio for stm32 9.3.0/armtools/bin/../lib/gcc/arm-atollic-eabi/6.3.1/../../../../arm-atollic-eabi/lib/armv7-m\libc_nano.a
LOAD c:/program files (x86)/atollic/truestudio for stm32 9.3.0/armtools/bin/../lib/gcc/arm-atollic-eabi/6.3.1/../../../../arm-atollic-eabi/lib/armv7-m\libnosys.a
END GROUP
START GROUP
LOAD c:/program files (x86)/atollic/truestudio for stm32 9.3.0/armtools/bin/../lib/gcc/arm-atollic-eabi/6.3.1/armv7-m\libgcc.a
LOAD c:/program files (x86)/atollic/truestudio for stm32 9.3.0/armtools/bin/../lib/gcc/arm-atollic-eabi/6.3.1/../../../../arm-atollic-eabi/lib/armv7-m\libc_nano.a
LOAD c:/program files (x86)/atollic/truestudio for stm32 9.3.0/armtools/bin/../lib/gcc/arm-atollic-eabi/6.3.1/../../../../arm-atollic-eabi/lib/armv7-m\libnosys.a
END GROUP
LOAD c:/program files (x86)/atollic/truestudio for stm32 9.3.0/armtools/bin/../lib/gcc/arm-atollic-eabi/6.3.1/armv7-m/crtend.o
LOAD c:/program files (x86)/atollic/truestudio for stm32 9.3.0/armtools/bin/../lib/gcc/arm-atollic-eabi/6.3.1/armv7-m/crtn.o
                0x20005000                _estack = 0x20005000
                0x00000000                _Min_Heap_Size = 0x0
                0x00000400                _Min_Stack_Size = 0x400

.isr_vector     0x08000000      0x10c
                0x08000000                . = ALIGN (0x4)
 *(.isr_vector)
 .isr_vector    0x08000000      0x10c startup\startup_stm32f103xb.o
                0x08000000                g_pfnVectors
                0x0800010c                . = ALIGN (0x4)

.text           0x08000110     0x1848
                0x08000110                . = ALIGN (0x4)
 *(.text)
 .text          0x08000110       0x40 c:/program files (x86)/atollic/truestudio for stm32 9.3.0/armtools/bin/../lib/gcc/arm-atollic-eabi/6.3.1/armv7-m/crtbegin.o
 *(.text*)
 .text.vListInitialise
                0x08000150       0x16 Application\application_main\FreeRTOS\Source\list.o
                0x08000150                vListInitialise
 .text.vListInitialiseItem
                0x08000166        0x6 Application\application_main\FreeRTOS\Source\list.o
                0x08000166                vListInitialiseItem
 .text.vListInsertEnd
                0x0800016c       0x18 Application\application_main\FreeRTOS\Source\list.o
                0x0800016c                vListInsertEnd
 .text.uxListRemove
                0x08000184       0x28 Application\application_main\FreeRTOS\Source\list.o
                0x08000184                uxListRemove
 .text.prvTaskExitError
                0x080001ac       0x40 Application\application_main\FreeRTOS\Source\portable\GCC\ARM_CM3\port.o
 .text.prvPortStartFirstTask
                0x080001ec       0x20 Application\application_main\FreeRTOS\Source\portable\GCC\ARM_CM3\port.o
 .text.pxPortInitialiseStack
                0x0800020c       0x24 Application\application_main\FreeRTOS\Source\portable\GCC\ARM_CM3\port.o
                0x0800020c                pxPortInitialiseStack
 .text.SVC_Handler
                0x08000230       0x24 Application\application_main\FreeRTOS\Source\portable\GCC\ARM_CM3\port.o
                0x08000230                SVC_Handler
 .text.vPortEnterCritical
                0x08000254       0x44 Application\application_main\FreeRTOS\Source\portable\GCC\ARM_CM3\port.o
                0x08000254                vPortEnterCritical
 .text.vPortExitCritical
                0x08000298       0x2c Application\application_main\FreeRTOS\Source\portable\GCC\ARM_CM3\port.o
                0x08000298                vPortExitCritical
 *fill*         0x080002c4        0xc 
 .text.PendSV_Handler
                0x080002d0       0x44 Application\application_main\FreeRTOS\Source\portable\GCC\ARM_CM3\port.o
                0x080002d0                PendSV_Handler
 .text.SysTick_Handler
                0x08000314       0x2c Application\application_main\FreeRTOS\Source\portable\GCC\ARM_CM3\port.o
                0x08000314                SysTick_Handler
 .text.vPortSetupTimerInterrupt
                0x08000340       0x38 Application\application_main\FreeRTOS\Source\portable\GCC\ARM_CM3\port.o
                0x08000340                vPortSetupTimerInterrupt
 .text.xPortStartScheduler
                0x08000378       0xb8 Application\application_main\FreeRTOS\Source\portable\GCC\ARM_CM3\port.o
                0x08000378                xPortStartScheduler
 .text.prvIdleTask
                0x08000430       0x24 Application\application_main\FreeRTOS\Source\tasks.o
 .text.prvResetNextTaskUnblockTime
                0x08000454       0x2c Application\application_main\FreeRTOS\Source\tasks.o
 .text.prvInitialiseNewTask
                0x08000480       0xa6 Application\application_main\FreeRTOS\Source\tasks.o
 *fill*         0x08000526        0x2 
 .text.prvInitialiseTaskLists
                0x08000528       0x50 Application\application_main\FreeRTOS\Source\tasks.o
 .text.prvAddNewTaskToReadyList
                0x08000578       0xa8 Application\application_main\FreeRTOS\Source\tasks.o
 .text.xTaskCreateStatic
                0x08000620       0x6e Application\application_main\FreeRTOS\Source\tasks.o
                0x08000620                xTaskCreateStatic
 *fill*         0x0800068e        0x2 
 .text.vTaskStartScheduler
                0x08000690       0x78 Application\application_main\FreeRTOS\Source\tasks.o
                0x08000690                vTaskStartScheduler
 .text.xTaskIncrementTick
                0x08000708      0x100 Application\application_main\FreeRTOS\Source\tasks.o
                0x08000708                xTaskIncrementTick
 .text.vTaskSwitchContext
                0x08000808       0x98 Application\application_main\FreeRTOS\Source\tasks.o
                0x08000808                vTaskSwitchContext
 .text.app_run  0x080008a0       0x6c Application\application_main\application_main.o
                0x080008a0                app_run
 .text.vApplicationGetIdleTaskMemory
                0x0800090c       0x18 Application\application_main\application_main.o
                0x0800090c                vApplicationGetIdleTaskMemory
 .text.task_1   0x08000924       0x20 Application\application_main\task1.o
                0x08000924                task_1
 .text.task_2   0x08000944       0x78 Application\application_main\task2.o
                0x08000944                task_2
 .text.bsp_led_requisita
                0x080009bc       0x64 Application\bsp\bsp_led.o
                0x080009bc                bsp_led_requisita
 .text.liga_led
                0x08000a20       0x10 Application\bsp\bsp_led.o
                0x08000a20                liga_led
 .text.desliga_led
                0x08000a30       0x10 Application\bsp\bsp_led.o
                0x08000a30                desliga_led
 .text.configura_led
                0x08000a40       0x28 Application\bsp\bsp_led.o
                0x08000a40                configura_led
 .text.bsp_led_fsm_run
                0x08000a68      0x110 Application\bsp\bsp_led.o
                0x08000a68                bsp_led_fsm_run
 .text.recebe_modelo_frame
                0x08000b78        0xc Application\lib\fsm_avi_rede.o
                0x08000b78                recebe_modelo_frame
 .text.recebe_id_frame
                0x08000b84        0xc Application\lib\fsm_avi_rede.o
                0x08000b84                recebe_id_frame
 .text.recebe_dados_frame
                0x08000b90       0x24 Application\lib\fsm_avi_rede.o
                0x08000b90                recebe_dados_frame
 .text.frame_decodificado
                0x08000bb4        0xc Application\lib\fsm_avi_rede.o
                0x08000bb4                frame_decodificado
 .text.exec_decodificador_avirede
                0x08000bc0      0x108 Application\lib\fsm_avi_rede.o
                0x08000bc0                exec_decodificador_avirede
 .text.run_current_time
                0x08000cc8       0x10 Application\lib\lib_utilities.o
                0x08000cc8                run_current_time
 .text.get_current_time
                0x08000cd8        0xc Application\lib\lib_utilities.o
                0x08000cd8                get_current_time
 .text.elapsed_time
                0x08000ce4       0x18 Application\lib\lib_utilities.o
                0x08000ce4                elapsed_time
 .text.HAL_Init
                0x08000cfc       0x24 Drivers\STM32F1xx_HAL_Driver\Src\stm32f1xx_hal.o
                0x08000cfc                HAL_Init
 .text.HAL_IncTick
                0x08000d20       0x18 Drivers\STM32F1xx_HAL_Driver\Src\stm32f1xx_hal.o
                0x08000d20                HAL_IncTick
 .text.HAL_GetTick
                0x08000d38        0xc Drivers\STM32F1xx_HAL_Driver\Src\stm32f1xx_hal.o
                0x08000d38                HAL_GetTick
 .text.HAL_NVIC_SetPriorityGrouping
                0x08000d44       0x24 Drivers\STM32F1xx_HAL_Driver\Src\stm32f1xx_hal_cortex.o
                0x08000d44                HAL_NVIC_SetPriorityGrouping
 .text.HAL_NVIC_SetPriority
                0x08000d68       0x64 Drivers\STM32F1xx_HAL_Driver\Src\stm32f1xx_hal_cortex.o
                0x08000d68                HAL_NVIC_SetPriority
 .text.HAL_NVIC_EnableIRQ
                0x08000dcc       0x18 Drivers\STM32F1xx_HAL_Driver\Src\stm32f1xx_hal_cortex.o
                0x08000dcc                HAL_NVIC_EnableIRQ
 .text.RCC_Delay
                0x08000de4       0x2c Drivers\STM32F1xx_HAL_Driver\Src\stm32f1xx_hal_rcc.o
 .text.HAL_RCC_OscConfig
                0x08000e10      0x3e0 Drivers\STM32F1xx_HAL_Driver\Src\stm32f1xx_hal_rcc.o
                0x08000e10                HAL_RCC_OscConfig
 .text.HAL_RCC_GetSysClockFreq
                0x080011f0       0x6c Drivers\STM32F1xx_HAL_Driver\Src\stm32f1xx_hal_rcc.o
                0x080011f0                HAL_RCC_GetSysClockFreq
 .text.HAL_RCC_ClockConfig
                0x0800125c      0x19c Drivers\STM32F1xx_HAL_Driver\Src\stm32f1xx_hal_rcc.o
                0x0800125c                HAL_RCC_ClockConfig
 .text.HAL_RCC_GetHCLKFreq
                0x080013f8        0xc Drivers\STM32F1xx_HAL_Driver\Src\stm32f1xx_hal_rcc.o
                0x080013f8                HAL_RCC_GetHCLKFreq
 .text.HAL_RCC_GetPCLK1Freq
                0x08001404       0x20 Drivers\STM32F1xx_HAL_Driver\Src\stm32f1xx_hal_rcc.o
                0x08001404                HAL_RCC_GetPCLK1Freq
 .text.HAL_RCC_GetClockConfig
                0x08001424       0x3c Drivers\STM32F1xx_HAL_Driver\Src\stm32f1xx_hal_rcc.o
                0x08001424                HAL_RCC_GetClockConfig
 .text.HAL_TIM_Base_MspInit
                0x08001460        0x2 Drivers\STM32F1xx_HAL_Driver\Src\stm32f1xx_hal_tim.o
                0x08001460                HAL_TIM_Base_MspInit
 .text.HAL_TIM_Base_Start_IT
                0x08001462       0x18 Drivers\STM32F1xx_HAL_Driver\Src\stm32f1xx_hal_tim.o
                0x08001462                HAL_TIM_Base_Start_IT
 .text.HAL_TIM_OC_DelayElapsedCallback
                0x0800147a        0x2 Drivers\STM32F1xx_HAL_Driver\Src\stm32f1xx_hal_tim.o
                0x0800147a                HAL_TIM_OC_DelayElapsedCallback
 .text.HAL_TIM_IC_CaptureCallback
                0x0800147c        0x2 Drivers\STM32F1xx_HAL_Driver\Src\stm32f1xx_hal_tim.o
                0x0800147c                HAL_TIM_IC_CaptureCallback
 .text.HAL_TIM_PWM_PulseFinishedCallback
                0x0800147e        0x2 Drivers\STM32F1xx_HAL_Driver\Src\stm32f1xx_hal_tim.o
                0x0800147e                HAL_TIM_PWM_PulseFinishedCallback
 .text.HAL_TIM_TriggerCallback
                0x08001480        0x2 Drivers\STM32F1xx_HAL_Driver\Src\stm32f1xx_hal_tim.o
                0x08001480                HAL_TIM_TriggerCallback
 .text.HAL_TIM_IRQHandler
                0x08001482      0x17a Drivers\STM32F1xx_HAL_Driver\Src\stm32f1xx_hal_tim.o
                0x08001482                HAL_TIM_IRQHandler
 .text.TIM_Base_SetConfig
                0x080015fc       0x78 Drivers\STM32F1xx_HAL_Driver\Src\stm32f1xx_hal_tim.o
                0x080015fc                TIM_Base_SetConfig
 .text.HAL_TIM_Base_Init
                0x08001674       0x32 Drivers\STM32F1xx_HAL_Driver\Src\stm32f1xx_hal_tim.o
                0x08001674                HAL_TIM_Base_Init
 .text.HAL_TIMEx_CommutationCallback
                0x080016a6        0x2 Drivers\STM32F1xx_HAL_Driver\Src\stm32f1xx_hal_tim_ex.o
                0x080016a6                HAL_TIMEx_CommutationCallback
 .text.HAL_TIMEx_BreakCallback
                0x080016a8        0x2 Drivers\STM32F1xx_HAL_Driver\Src\stm32f1xx_hal_tim_ex.o
                0x080016a8                HAL_TIMEx_BreakCallback
 *fill*         0x080016aa        0x2 
 .text.MX_GPIO_Init
                0x080016ac       0x44 Src\main.o
 .text.SystemClock_Config
                0x080016f0       0x54 Src\main.o
                0x080016f0                SystemClock_Config
 .text.main     0x08001744       0x14 Src\main.o
                0x08001744                main
 .text.HAL_TIM_PeriodElapsedCallback
                0x08001758       0x18 Src\main.o
                0x08001758                HAL_TIM_PeriodElapsedCallback
 .text.HAL_MspInit
                0x08001770       0x44 Src\stm32f1xx_hal_msp.o
                0x08001770                HAL_MspInit
 .text.HAL_InitTick
                0x080017b4       0x7c Src\stm32f1xx_hal_timebase_tim.o
                0x080017b4                HAL_InitTick
 .text.NMI_Handler
                0x08001830        0x2 Src\stm32f1xx_it.o
                0x08001830                NMI_Handler
 .text.HardFault_Handler
                0x08001832        0x2 Src\stm32f1xx_it.o
                0x08001832                HardFault_Handler
 .text.MemManage_Handler
                0x08001834        0x2 Src\stm32f1xx_it.o
                0x08001834                MemManage_Handler
 .text.BusFault_Handler
                0x08001836        0x2 Src\stm32f1xx_it.o
                0x08001836                BusFault_Handler
 .text.UsageFault_Handler
                0x08001838        0x2 Src\stm32f1xx_it.o
                0x08001838                UsageFault_Handler
 .text.DebugMon_Handler
                0x0800183a        0x2 Src\stm32f1xx_it.o
                0x0800183a                DebugMon_Handler
 .text.TIM4_IRQHandler
                0x0800183c       0x14 Src\stm32f1xx_it.o
                0x0800183c                TIM4_IRQHandler
 .text.SystemInit
                0x08001850       0x4c Src\system_stm32f1xx.o
                0x08001850                SystemInit
 .text.Reset_Handler
                0x0800189c       0x48 startup\startup_stm32f103xb.o
                0x0800189c                Reset_Handler
 .text.Default_Handler
                0x080018e4        0x2 startup\startup_stm32f103xb.o
                0x080018e4                RTC_Alarm_IRQHandler
                0x080018e4                EXTI2_IRQHandler
                0x080018e4                TIM1_CC_IRQHandler
                0x080018e4                PVD_IRQHandler
                0x080018e4                EXTI3_IRQHandler
                0x080018e4                EXTI0_IRQHandler
                0x080018e4                I2C2_EV_IRQHandler
                0x080018e4                ADC1_2_IRQHandler
                0x080018e4                SPI1_IRQHandler
                0x080018e4                TAMPER_IRQHandler
                0x080018e4                DMA1_Channel4_IRQHandler
                0x080018e4                USART3_IRQHandler
                0x080018e4                RTC_IRQHandler
                0x080018e4                DMA1_Channel7_IRQHandler
                0x080018e4                CAN1_RX1_IRQHandler
                0x080018e4                I2C1_EV_IRQHandler
                0x080018e4                DMA1_Channel6_IRQHandler
                0x080018e4                TIM3_IRQHandler
                0x080018e4                RCC_IRQHandler
                0x080018e4                TIM1_TRG_COM_IRQHandler
                0x080018e4                DMA1_Channel1_IRQHandler
                0x080018e4                Default_Handler
                0x080018e4                EXTI15_10_IRQHandler
                0x080018e4                EXTI9_5_IRQHandler
                0x080018e4                SPI2_IRQHandler
                0x080018e4                DMA1_Channel5_IRQHandler
                0x080018e4                EXTI4_IRQHandler
                0x080018e4                USB_LP_CAN1_RX0_IRQHandler
                0x080018e4                USB_HP_CAN1_TX_IRQHandler
                0x080018e4                DMA1_Channel3_IRQHandler
                0x080018e4                TIM1_UP_IRQHandler
                0x080018e4                WWDG_IRQHandler
                0x080018e4                TIM2_IRQHandler
                0x080018e4                TIM1_BRK_IRQHandler
                0x080018e4                EXTI1_IRQHandler
                0x080018e4                USART2_IRQHandler
                0x080018e4                I2C2_ER_IRQHandler
                0x080018e4                DMA1_Channel2_IRQHandler
                0x080018e4                CAN1_SCE_IRQHandler
                0x080018e4                FLASH_IRQHandler
                0x080018e4                USART1_IRQHandler
                0x080018e4                I2C1_ER_IRQHandler
                0x080018e4                USBWakeUp_IRQHandler
 *fill*         0x080018e6        0x2 
 .text.__libc_init_array
                0x080018e8       0x48 c:/program files (x86)/atollic/truestudio for stm32 9.3.0/armtools/bin/../lib/gcc/arm-atollic-eabi/6.3.1/../../../../arm-atollic-eabi/lib/armv7-m\libc_nano.a(lib_a-init.o)
                0x080018e8                __libc_init_array
 .text.memset   0x08001930       0x10 c:/program files (x86)/atollic/truestudio for stm32 9.3.0/armtools/bin/../lib/gcc/arm-atollic-eabi/6.3.1/../../../../arm-atollic-eabi/lib/armv7-m\libc_nano.a(lib_a-memset.o)
                0x08001930                memset
 *(.glue_7)
 .glue_7        0x08001940        0x0 linker stubs
 *(.glue_7t)
 .glue_7t       0x08001940        0x0 linker stubs
 *(.eh_frame)
 .eh_frame      0x08001940        0x0 c:/program files (x86)/atollic/truestudio for stm32 9.3.0/armtools/bin/../lib/gcc/arm-atollic-eabi/6.3.1/armv7-m/crtbegin.o
 *(.init)
 .init          0x08001940        0x4 c:/program files (x86)/atollic/truestudio for stm32 9.3.0/armtools/bin/../lib/gcc/arm-atollic-eabi/6.3.1/armv7-m/crti.o
                0x08001940                _init
 .init          0x08001944        0x8 c:/program files (x86)/atollic/truestudio for stm32 9.3.0/armtools/bin/../lib/gcc/arm-atollic-eabi/6.3.1/armv7-m/crtn.o
 *(.fini)
 .fini          0x0800194c        0x4 c:/program files (x86)/atollic/truestudio for stm32 9.3.0/armtools/bin/../lib/gcc/arm-atollic-eabi/6.3.1/armv7-m/crti.o
                0x0800194c                _fini
 .fini          0x08001950        0x8 c:/program files (x86)/atollic/truestudio for stm32 9.3.0/armtools/bin/../lib/gcc/arm-atollic-eabi/6.3.1/armv7-m/crtn.o
                0x08001958                . = ALIGN (0x4)
                0x08001958                _etext = .

.vfp11_veneer   0x08001958        0x0
 .vfp11_veneer  0x08001958        0x0 linker stubs

.v4_bx          0x08001958        0x0
 .v4_bx         0x08001958        0x0 linker stubs

.iplt           0x08001958        0x0
 .iplt          0x08001958        0x0 c:/program files (x86)/atollic/truestudio for stm32 9.3.0/armtools/bin/../lib/gcc/arm-atollic-eabi/6.3.1/armv7-m/crtbegin.o

.rodata         0x08001958       0x50
                0x08001958                . = ALIGN (0x4)
 *(.rodata)
 .rodata        0x08001958       0x12 Drivers\STM32F1xx_HAL_Driver\Src\stm32f1xx_hal_rcc.o
 *(.rodata*)
 *fill*         0x0800196a        0x2 
 .rodata.vTaskStartScheduler.str1.4
                0x0800196c        0x5 Application\application_main\FreeRTOS\Source\tasks.o
 *fill*         0x08001971        0x3 
 .rodata.app_run.str1.4
                0x08001974       0x10 Application\application_main\application_main.o
                                  0xe (size before relaxing)
 .rodata.serialData
                0x08001984        0xb Application\application_main\task2.o
                0x08001984                serialData
 *fill*         0x0800198f        0x1 
 .rodata.AHBPrescTable
                0x08001990       0x10 Src\system_stm32f1xx.o
                0x08001990                AHBPrescTable
 .rodata.APBPrescTable
                0x080019a0        0x8 Src\system_stm32f1xx.o
                0x080019a0                APBPrescTable
                0x080019a8                . = ALIGN (0x4)

.rel.dyn        0x080019a8        0x0
 .rel.iplt      0x080019a8        0x0 c:/program files (x86)/atollic/truestudio for stm32 9.3.0/armtools/bin/../lib/gcc/arm-atollic-eabi/6.3.1/armv7-m/crtbegin.o

.ARM.extab
 *(.ARM.extab* .gnu.linkonce.armextab.*)

.ARM            0x080019a8        0x0
                0x080019a8                __exidx_start = .
 *(.ARM.exidx*)
                0x080019a8                __exidx_end = .

.preinit_array  0x080019a8        0x0
                0x080019a8                PROVIDE (__preinit_array_start, .)
 *(.preinit_array*)
                0x080019a8                PROVIDE (__preinit_array_end, .)

.init_array     0x080019a8        0x4
                0x080019a8                PROVIDE (__init_array_start, .)
 *(SORT(.init_array.*))
 *(.init_array*)
 .init_array    0x080019a8        0x4 c:/program files (x86)/atollic/truestudio for stm32 9.3.0/armtools/bin/../lib/gcc/arm-atollic-eabi/6.3.1/armv7-m/crtbegin.o
                0x080019ac                PROVIDE (__init_array_end, .)

.fini_array     0x080019ac        0x4
                [!provide]                PROVIDE (__fini_array_start, .)
 *(SORT(.fini_array.*))
 *(.fini_array*)
 .fini_array    0x080019ac        0x4 c:/program files (x86)/atollic/truestudio for stm32 9.3.0/armtools/bin/../lib/gcc/arm-atollic-eabi/6.3.1/armv7-m/crtbegin.o
                [!provide]                PROVIDE (__fini_array_end, .)
                0x080019b0                _sidata = LOADADDR (.data)

.data           0x20000000        0xc load address 0x080019b0
                0x20000000                . = ALIGN (0x4)
                0x20000000                _sdata = .
 *(.data)
 *(.data*)
 .data.uxCriticalNesting
                0x20000000        0x4 Application\application_main\FreeRTOS\Source\portable\GCC\ARM_CM3\port.o
 .data.run      0x20000004        0x1 Application\application_main\task2.o
                0x20000004                run
 .data.uwTickFreq
                0x20000005        0x1 Drivers\STM32F1xx_HAL_Driver\Src\stm32f1xx_hal.o
                0x20000005                uwTickFreq
 *fill*         0x20000006        0x2 
 .data.SystemCoreClock
                0x20000008        0x4 Src\system_stm32f1xx.o
                0x20000008                SystemCoreClock
                0x2000000c                . = ALIGN (0x4)
                0x2000000c                _edata = .

.igot.plt       0x2000000c        0x0 load address 0x080019bc
 .igot.plt      0x2000000c        0x0 c:/program files (x86)/atollic/truestudio for stm32 9.3.0/armtools/bin/../lib/gcc/arm-atollic-eabi/6.3.1/armv7-m/crtbegin.o
                0x2000000c                . = ALIGN (0x4)

.bss            0x2000000c      0xb00 load address 0x080019bc
                0x2000000c                _sbss = .
                0x2000000c                __bss_start__ = _sbss
 *(.bss)
 .bss           0x2000000c       0x1c c:/program files (x86)/atollic/truestudio for stm32 9.3.0/armtools/bin/../lib/gcc/arm-atollic-eabi/6.3.1/armv7-m/crtbegin.o
 *(.bss*)
 .bss.ucMaxSysCallPriority
                0x20000028        0x1 Application\application_main\FreeRTOS\Source\portable\GCC\ARM_CM3\port.o
 *fill*         0x20000029        0x3 
 .bss.ulMaxPRIGROUPValue
                0x2000002c        0x4 Application\application_main\FreeRTOS\Source\portable\GCC\ARM_CM3\port.o
 .bss.pxCurrentTCB
                0x20000030        0x4 Application\application_main\FreeRTOS\Source\tasks.o
                0x20000030                pxCurrentTCB
 .bss.pxDelayedTaskList
                0x20000034        0x4 Application\application_main\FreeRTOS\Source\tasks.o
 .bss.pxOverflowDelayedTaskList
                0x20000038        0x4 Application\application_main\FreeRTOS\Source\tasks.o
 .bss.pxReadyTasksLists
                0x2000003c       0xc8 Application\application_main\FreeRTOS\Source\tasks.o
 .bss.uxCurrentNumberOfTasks
                0x20000104        0x4 Application\application_main\FreeRTOS\Source\tasks.o
 .bss.uxPendedTicks
                0x20000108        0x4 Application\application_main\FreeRTOS\Source\tasks.o
 .bss.uxSchedulerSuspended
                0x2000010c        0x4 Application\application_main\FreeRTOS\Source\tasks.o
 .bss.uxTaskNumber
                0x20000110        0x4 Application\application_main\FreeRTOS\Source\tasks.o
 .bss.uxTopReadyPriority
                0x20000114        0x4 Application\application_main\FreeRTOS\Source\tasks.o
 .bss.xDelayedTaskList1
                0x20000118       0x14 Application\application_main\FreeRTOS\Source\tasks.o
 .bss.xDelayedTaskList2
                0x2000012c       0x14 Application\application_main\FreeRTOS\Source\tasks.o
 .bss.xNextTaskUnblockTime
                0x20000140        0x4 Application\application_main\FreeRTOS\Source\tasks.o
 .bss.xNumOfOverflows
                0x20000144        0x4 Application\application_main\FreeRTOS\Source\tasks.o
 .bss.xPendingReadyList
                0x20000148       0x14 Application\application_main\FreeRTOS\Source\tasks.o
 .bss.xSchedulerRunning
                0x2000015c        0x4 Application\application_main\FreeRTOS\Source\tasks.o
 .bss.xTickCount
                0x20000160        0x4 Application\application_main\FreeRTOS\Source\tasks.o
 .bss.xYieldPending
                0x20000164        0x4 Application\application_main\FreeRTOS\Source\tasks.o
 .bss.uxIdleTaskStack.4566
                0x20000168      0x200 Application\application_main\application_main.o
 .bss.xIdleTaskTCB.4565
                0x20000368       0x64 Application\application_main\application_main.o
 .bss.xTask1Handle
                0x200003cc        0x4 Application\application_main\application_main.o
                0x200003cc                xTask1Handle
 .bss.xTask2Handle
                0x200003d0        0x4 Application\application_main\application_main.o
                0x200003d0                xTask2Handle
 .bss.idDecodificado
                0x200003d4        0x1 Application\application_main\task2.o
                0x200003d4                idDecodificado
 .bss.modeloDecodificado
                0x200003d5        0x1 Application\application_main\task2.o
                0x200003d5                modeloDecodificado
 .bss.nDadosDecodificado
                0x200003d6        0x1 Application\application_main\task2.o
                0x200003d6                nDadosDecodificado
 .bss.emFuncionamento
                0x200003d7        0x1 Application\bsp\bsp_led.o
                0x200003d7                emFuncionamento
 .bss.estado    0x200003d8        0x1 Application\bsp\bsp_led.o
 *fill*         0x200003d9        0x3 
 .bss.marcoDeTempo
                0x200003dc        0x4 Application\bsp\bsp_led.o
                0x200003dc                marcoDeTempo
 .bss.pAtrasoAntes
                0x200003e0        0x4 Application\bsp\bsp_led.o
                0x200003e0                pAtrasoAntes
 .bss.pAtrasoDepois
                0x200003e4        0x4 Application\bsp\bsp_led.o
                0x200003e4                pAtrasoDepois
 .bss.pCiclos   0x200003e8        0x1 Application\bsp\bsp_led.o
                0x200003e8                pCiclos
 .bss.pPrioridade
                0x200003e9        0x1 Application\bsp\bsp_led.o
                0x200003e9                pPrioridade
 *fill*         0x200003ea        0x2 
 .bss.pTempoDesligado
                0x200003ec        0x4 Application\bsp\bsp_led.o
                0x200003ec                pTempoDesligado
 .bss.pTempoLigado
                0x200003f0        0x4 Application\bsp\bsp_led.o
                0x200003f0                pTempoLigado
 .bss.cks1      0x200003f4        0x1 Application\lib\fsm_avi_rede.o
                0x200003f4                cks1
 .bss.cks2      0x200003f5        0x1 Application\lib\fsm_avi_rede.o
                0x200003f5                cks2
 .bss.dataCount
                0x200003f6        0x1 Application\lib\fsm_avi_rede.o
                0x200003f6                dataCount
 .bss.estado    0x200003f7        0x1 Application\lib\fsm_avi_rede.o
                0x200003f7                estado
 .bss.frameDecodificado
                0x200003f8        0x1 Application\lib\fsm_avi_rede.o
                0x200003f8                frameDecodificado
 .bss.id        0x200003f9        0x1 Application\lib\fsm_avi_rede.o
                0x200003f9                id
 .bss.modelo    0x200003fa        0x1 Application\lib\fsm_avi_rede.o
                0x200003fa                modelo
 .bss.nDados    0x200003fb        0x1 Application\lib\fsm_avi_rede.o
                0x200003fb                nDados
 .bss.currentTime
                0x200003fc        0x4 Application\lib\lib_utilities.o
 *(COMMON)
 COMMON         0x20000400      0x4c8 Application\application_main\application_main.o
                0x20000400                xTask1Buffer
                0x20000464                xTask2Stack
                0x20000664                xTask2Buffer
                0x200006c8                xTask1Stack
 COMMON         0x200008c8       0xff Application\application_main\task2.o
                0x200008c8                dadosDecodificados
 *fill*         0x200009c7        0x1 
 COMMON         0x200009c8       0xff Application\lib\fsm_avi_rede.o
                0x200009c8                dados
 *fill*         0x20000ac7        0x1 
 COMMON         0x20000ac8        0x4 Drivers\STM32F1xx_HAL_Driver\Src\stm32f1xx_hal.o
                0x20000ac8                uwTick
 COMMON         0x20000acc       0x40 Src\stm32f1xx_hal_timebase_tim.o
                0x20000acc                htim4
                0x20000b0c                . = ALIGN (0x4)
                0x20000b0c                _ebss = .
                0x20000b0c                __bss_end__ = _ebss

._user_heap_stack
                0x20000b0c      0x400 load address 0x080019bc
                0x20000b0c                . = ALIGN (0x4)
                0x20000b0c                PROVIDE (end, .)
                [!provide]                PROVIDE (_end, .)
                0x20000b0c                . = (. + _Min_Heap_Size)
                0x20000f0c                . = (. + _Min_Stack_Size)
 *fill*         0x20000b0c      0x400 
                0x20000f0c                . = ALIGN (0x4)

/DISCARD/
 libc.a(*)
 libm.a(*)
 libgcc.a(*)

.ARM.attributes
                0x00000000       0x29
 *(.ARM.attributes)
 .ARM.attributes
                0x00000000       0x1d c:/program files (x86)/atollic/truestudio for stm32 9.3.0/armtools/bin/../lib/gcc/arm-atollic-eabi/6.3.1/armv7-m/crti.o
 .ARM.attributes
                0x0000001d       0x2d c:/program files (x86)/atollic/truestudio for stm32 9.3.0/armtools/bin/../lib/gcc/arm-atollic-eabi/6.3.1/armv7-m/crtbegin.o
 .ARM.attributes
                0x0000004a       0x33 Application\application_main\FreeRTOS\Source\list.o
 .ARM.attributes
                0x0000007d       0x33 Application\application_main\FreeRTOS\Source\portable\GCC\ARM_CM3\port.o
 .ARM.attributes
                0x000000b0       0x33 Application\application_main\FreeRTOS\Source\tasks.o
 .ARM.attributes
                0x000000e3       0x33 Application\application_main\application_main.o
 .ARM.attributes
                0x00000116       0x33 Application\application_main\task1.o
 .ARM.attributes
                0x00000149       0x33 Application\application_main\task2.o
 .ARM.attributes
                0x0000017c       0x33 Application\bsp\bsp_led.o
 .ARM.attributes
                0x000001af       0x33 Application\lib\fsm_avi_rede.o
 .ARM.attributes
                0x000001e2       0x33 Application\lib\lib_utilities.o
 .ARM.attributes
                0x00000215       0x33 Drivers\STM32F1xx_HAL_Driver\Src\stm32f1xx_hal.o
 .ARM.attributes
                0x00000248       0x33 Drivers\STM32F1xx_HAL_Driver\Src\stm32f1xx_hal_cortex.o
 .ARM.attributes
                0x0000027b       0x33 Drivers\STM32F1xx_HAL_Driver\Src\stm32f1xx_hal_rcc.o
 .ARM.attributes
                0x000002ae       0x33 Drivers\STM32F1xx_HAL_Driver\Src\stm32f1xx_hal_tim.o
 .ARM.attributes
                0x000002e1       0x33 Drivers\STM32F1xx_HAL_Driver\Src\stm32f1xx_hal_tim_ex.o
 .ARM.attributes
                0x00000314       0x33 Src\main.o
 .ARM.attributes
                0x00000347       0x33 Src\stm32f1xx_hal_msp.o
 .ARM.attributes
                0x0000037a       0x33 Src\stm32f1xx_hal_timebase_tim.o
 .ARM.attributes
                0x000003ad       0x33 Src\stm32f1xx_it.o
 .ARM.attributes
                0x000003e0       0x33 Src\system_stm32f1xx.o
 .ARM.attributes
                0x00000413       0x21 startup\startup_stm32f103xb.o
 .ARM.attributes
                0x00000434       0x2d c:/program files (x86)/atollic/truestudio for stm32 9.3.0/armtools/bin/../lib/gcc/arm-atollic-eabi/6.3.1/../../../../arm-atollic-eabi/lib/armv7-m\libc_nano.a(lib_a-init.o)
 .ARM.attributes
                0x00000461       0x2d c:/program files (x86)/atollic/truestudio for stm32 9.3.0/armtools/bin/../lib/gcc/arm-atollic-eabi/6.3.1/../../../../arm-atollic-eabi/lib/armv7-m\libc_nano.a(lib_a-memset.o)
 .ARM.attributes
                0x0000048e       0x1d c:/program files (x86)/atollic/truestudio for stm32 9.3.0/armtools/bin/../lib/gcc/arm-atollic-eabi/6.3.1/armv7-m/crtn.o
OUTPUT(Treinamento1.elf elf32-littlearm)

.debug_info     0x00000000    0x11dd6
 .debug_info    0x00000000      0xacb Application\application_main\FreeRTOS\Source\list.o
 .debug_info    0x00000acb      0x50e Application\application_main\FreeRTOS\Source\portable\GCC\ARM_CM3\port.o
 .debug_info    0x00000fd9     0x261a Application\application_main\FreeRTOS\Source\tasks.o
 .debug_info    0x000035f3      0x405 Application\application_main\application_main.o
 .debug_info    0x000039f8       0xe1 Application\application_main\task1.o
 .debug_info    0x00003ad9      0x21f Application\application_main\task2.o
 .debug_info    0x00003cf8      0xc69 Application\bsp\bsp_led.o
 .debug_info    0x00004961      0x21c Application\lib\fsm_avi_rede.o
 .debug_info    0x00004b7d      0x103 Application\lib\lib_utilities.o
 .debug_info    0x00004c80      0xfa4 Drivers\STM32F1xx_HAL_Driver\Src\stm32f1xx_hal.o
 .debug_info    0x00005c24     0x14ad Drivers\STM32F1xx_HAL_Driver\Src\stm32f1xx_hal_cortex.o
 .debug_info    0x000070d1     0x1225 Drivers\STM32F1xx_HAL_Driver\Src\stm32f1xx_hal_rcc.o
 .debug_info    0x000082f6     0x3687 Drivers\STM32F1xx_HAL_Driver\Src\stm32f1xx_hal_tim.o
 .debug_info    0x0000b97d     0x1adb Drivers\STM32F1xx_HAL_Driver\Src\stm32f1xx_hal_tim_ex.o
 .debug_info    0x0000d458     0x115a Src\main.o
 .debug_info    0x0000e5b2      0xade Src\stm32f1xx_hal_msp.o
 .debug_info    0x0000f090     0x11c6 Src\stm32f1xx_hal_timebase_tim.o
 .debug_info    0x00010256      0xea1 Src\stm32f1xx_it.o
 .debug_info    0x000110f7      0xc4d Src\system_stm32f1xx.o
 .debug_info    0x00011d44       0x92 startup\startup_stm32f103xb.o

.debug_abbrev   0x00000000     0x274e
 .debug_abbrev  0x00000000      0x1ea Application\application_main\FreeRTOS\Source\list.o
 .debug_abbrev  0x000001ea      0x23a Application\application_main\FreeRTOS\Source\portable\GCC\ARM_CM3\port.o
 .debug_abbrev  0x00000424      0x360 Application\application_main\FreeRTOS\Source\tasks.o
 .debug_abbrev  0x00000784      0x11c Application\application_main\application_main.o
 .debug_abbrev  0x000008a0       0x8d Application\application_main\task1.o
 .debug_abbrev  0x0000092d      0x101 Application\application_main\task2.o
 .debug_abbrev  0x00000a2e      0x22d Application\bsp\bsp_led.o
 .debug_abbrev  0x00000c5b       0xfa Application\lib\fsm_avi_rede.o
 .debug_abbrev  0x00000d55       0xb9 Application\lib\lib_utilities.o
 .debug_abbrev  0x00000e0e      0x2c4 Drivers\STM32F1xx_HAL_Driver\Src\stm32f1xx_hal.o
 .debug_abbrev  0x000010d2      0x39f Drivers\STM32F1xx_HAL_Driver\Src\stm32f1xx_hal_cortex.o
 .debug_abbrev  0x00001471      0x2f8 Drivers\STM32F1xx_HAL_Driver\Src\stm32f1xx_hal_rcc.o
 .debug_abbrev  0x00001769      0x2b0 Drivers\STM32F1xx_HAL_Driver\Src\stm32f1xx_hal_tim.o
 .debug_abbrev  0x00001a19      0x2a1 Drivers\STM32F1xx_HAL_Driver\Src\stm32f1xx_hal_tim_ex.o
 .debug_abbrev  0x00001cba      0x28a Src\main.o
 .debug_abbrev  0x00001f44      0x1c0 Src\stm32f1xx_hal_msp.o
 .debug_abbrev  0x00002104      0x25a Src\stm32f1xx_hal_timebase_tim.o
 .debug_abbrev  0x0000235e      0x1f3 Src\stm32f1xx_it.o
 .debug_abbrev  0x00002551      0x1eb Src\system_stm32f1xx.o
 .debug_abbrev  0x0000273c       0x12 startup\startup_stm32f103xb.o

.debug_loc      0x00000000     0x692c
 .debug_loc     0x00000000       0x70 Application\application_main\FreeRTOS\Source\list.o
 .debug_loc     0x00000070       0xce Application\application_main\FreeRTOS\Source\portable\GCC\ARM_CM3\port.o
 .debug_loc     0x0000013e     0x13a3 Application\application_main\FreeRTOS\Source\tasks.o
 .debug_loc     0x000014e1       0x21 Application\application_main\task1.o
 .debug_loc     0x00001502       0x4b Application\application_main\task2.o
 .debug_loc     0x0000154d      0x160 Application\bsp\bsp_led.o
 .debug_loc     0x000016ad      0x10f Application\lib\fsm_avi_rede.o
 .debug_loc     0x000017bc       0x58 Application\lib\lib_utilities.o
 .debug_loc     0x00001814      0x108 Drivers\STM32F1xx_HAL_Driver\Src\stm32f1xx_hal.o
 .debug_loc     0x0000191c      0x5ad Drivers\STM32F1xx_HAL_Driver\Src\stm32f1xx_hal_cortex.o
 .debug_loc     0x00001ec9      0x4d1 Drivers\STM32F1xx_HAL_Driver\Src\stm32f1xx_hal_rcc.o
 .debug_loc     0x0000239a     0x34d2 Drivers\STM32F1xx_HAL_Driver\Src\stm32f1xx_hal_tim.o
 .debug_loc     0x0000586c      0xf2e Drivers\STM32F1xx_HAL_Driver\Src\stm32f1xx_hal_tim_ex.o
 .debug_loc     0x0000679a       0x3a Src\main.o
 .debug_loc     0x000067d4       0x79 Src\stm32f1xx_hal_timebase_tim.o
 .debug_loc     0x0000684d       0xdf Src\system_stm32f1xx.o

.debug_aranges  0x00000000      0xaf8
 .debug_aranges
                0x00000000       0x40 Application\application_main\FreeRTOS\Source\list.o
 .debug_aranges
                0x00000040       0x78 Application\application_main\FreeRTOS\Source\portable\GCC\ARM_CM3\port.o
 .debug_aranges
                0x000000b8      0x160 Application\application_main\FreeRTOS\Source\tasks.o
 .debug_aranges
                0x00000218       0x30 Application\application_main\application_main.o
 .debug_aranges
                0x00000248       0x20 Application\application_main\task1.o
 .debug_aranges
                0x00000268       0x20 Application\application_main\task2.o
 .debug_aranges
                0x00000288       0x40 Application\bsp\bsp_led.o
 .debug_aranges
                0x000002c8       0x40 Application\lib\fsm_avi_rede.o
 .debug_aranges
                0x00000308       0x30 Application\lib\lib_utilities.o
 .debug_aranges
                0x00000338       0xd0 Drivers\STM32F1xx_HAL_Driver\Src\stm32f1xx_hal.o
 .debug_aranges
                0x00000408       0x90 Drivers\STM32F1xx_HAL_Driver\Src\stm32f1xx_hal_cortex.o
 .debug_aranges
                0x00000498       0x90 Drivers\STM32F1xx_HAL_Driver\Src\stm32f1xx_hal_rcc.o
 .debug_aranges
                0x00000528      0x368 Drivers\STM32F1xx_HAL_Driver\Src\stm32f1xx_hal_tim.o
 .debug_aranges
                0x00000890      0x138 Drivers\STM32F1xx_HAL_Driver\Src\stm32f1xx_hal_tim_ex.o
 .debug_aranges
                0x000009c8       0x40 Src\main.o
 .debug_aranges
                0x00000a08       0x20 Src\stm32f1xx_hal_msp.o
 .debug_aranges
                0x00000a28       0x30 Src\stm32f1xx_hal_timebase_tim.o
 .debug_aranges
                0x00000a58       0x50 Src\stm32f1xx_it.o
 .debug_aranges
                0x00000aa8       0x28 Src\system_stm32f1xx.o
 .debug_aranges
                0x00000ad0       0x28 startup\startup_stm32f103xb.o

.debug_ranges   0x00000000      0xb20
 .debug_ranges  0x00000000       0x30 Application\application_main\FreeRTOS\Source\list.o
 .debug_ranges  0x00000030       0x68 Application\application_main\FreeRTOS\Source\portable\GCC\ARM_CM3\port.o
 .debug_ranges  0x00000098      0x230 Application\application_main\FreeRTOS\Source\tasks.o
 .debug_ranges  0x000002c8       0x20 Application\application_main\application_main.o
 .debug_ranges  0x000002e8       0x10 Application\application_main\task1.o
 .debug_ranges  0x000002f8       0x10 Application\application_main\task2.o
 .debug_ranges  0x00000308       0x30 Application\bsp\bsp_led.o
 .debug_ranges  0x00000338       0x30 Application\lib\fsm_avi_rede.o
 .debug_ranges  0x00000368       0x20 Application\lib\lib_utilities.o
 .debug_ranges  0x00000388       0xc0 Drivers\STM32F1xx_HAL_Driver\Src\stm32f1xx_hal.o
 .debug_ranges  0x00000448       0xe0 Drivers\STM32F1xx_HAL_Driver\Src\stm32f1xx_hal_cortex.o
 .debug_ranges  0x00000528       0xa0 Drivers\STM32F1xx_HAL_Driver\Src\stm32f1xx_hal_rcc.o
 .debug_ranges  0x000005c8      0x358 Drivers\STM32F1xx_HAL_Driver\Src\stm32f1xx_hal_tim.o
 .debug_ranges  0x00000920      0x128 Drivers\STM32F1xx_HAL_Driver\Src\stm32f1xx_hal_tim_ex.o
 .debug_ranges  0x00000a48       0x30 Src\main.o
 .debug_ranges  0x00000a78       0x10 Src\stm32f1xx_hal_msp.o
 .debug_ranges  0x00000a88       0x20 Src\stm32f1xx_hal_timebase_tim.o
 .debug_ranges  0x00000aa8       0x40 Src\stm32f1xx_it.o
 .debug_ranges  0x00000ae8       0x18 Src\system_stm32f1xx.o
 .debug_ranges  0x00000b00       0x20 startup\startup_stm32f103xb.o

.debug_line     0x00000000     0x59ab
 .debug_line    0x00000000      0x426 Application\application_main\FreeRTOS\Source\list.o
 .debug_line    0x00000426      0x42e Application\application_main\FreeRTOS\Source\portable\GCC\ARM_CM3\port.o
 .debug_line    0x00000854      0xbb4 Application\application_main\FreeRTOS\Source\tasks.o
 .debug_line    0x00001408      0x2eb Application\application_main\application_main.o
 .debug_line    0x000016f3       0xb9 Application\application_main\task1.o
 .debug_line    0x000017ac      0x200 Application\application_main\task2.o
 .debug_line    0x000019ac      0x34e Application\bsp\bsp_led.o
 .debug_line    0x00001cfa      0x1c7 Application\lib\fsm_avi_rede.o
 .debug_line    0x00001ec1      0x163 Application\lib\lib_utilities.o
 .debug_line    0x00002024      0x464 Drivers\STM32F1xx_HAL_Driver\Src\stm32f1xx_hal.o
 .debug_line    0x00002488      0x441 Drivers\STM32F1xx_HAL_Driver\Src\stm32f1xx_hal_cortex.o
 .debug_line    0x000028c9      0x5c8 Drivers\STM32F1xx_HAL_Driver\Src\stm32f1xx_hal_rcc.o
 .debug_line    0x00002e91     0x12ab Drivers\STM32F1xx_HAL_Driver\Src\stm32f1xx_hal_tim.o
 .debug_line    0x0000413c      0x86e Drivers\STM32F1xx_HAL_Driver\Src\stm32f1xx_hal_tim_ex.o
 .debug_line    0x000049aa      0x3a5 Src\main.o
 .debug_line    0x00004d4f      0x27d Src\stm32f1xx_hal_msp.o
 .debug_line    0x00004fcc      0x328 Src\stm32f1xx_hal_timebase_tim.o
 .debug_line    0x000052f4      0x374 Src\stm32f1xx_it.o
 .debug_line    0x00005668      0x2c6 Src\system_stm32f1xx.o
 .debug_line    0x0000592e       0x7d startup\startup_stm32f103xb.o

.debug_str      0x00000000     0x3d19
 .debug_str     0x00000000      0x6d0 Application\application_main\FreeRTOS\Source\list.o
                                0x755 (size before relaxing)
 .debug_str     0x000006d0      0x2ae Application\application_main\FreeRTOS\Source\portable\GCC\ARM_CM3\port.o
                                0x48b (size before relaxing)
 .debug_str     0x0000097e      0xa83 Application\application_main\FreeRTOS\Source\tasks.o
                               0x12fd (size before relaxing)
 .debug_str     0x00001401      0x16d Application\application_main\application_main.o
                                0x45b (size before relaxing)
 .debug_str     0x0000156e       0x57 Application\application_main\task1.o
                                0x1d1 (size before relaxing)
 .debug_str     0x000015c5       0xed Application\application_main\task2.o
                                0x294 (size before relaxing)
 .debug_str     0x000016b2      0x21e Application\bsp\bsp_led.o
                                0x832 (size before relaxing)
 .debug_str     0x000018d0       0x9c Application\lib\fsm_avi_rede.o
                                0x2a1 (size before relaxing)
 .debug_str     0x0000196c       0x56 Application\lib\lib_utilities.o
                                0x204 (size before relaxing)
 .debug_str     0x000019c2      0x5a3 Drivers\STM32F1xx_HAL_Driver\Src\stm32f1xx_hal.o
                                0xc88 (size before relaxing)
 .debug_str     0x00001f65      0x2e1 Drivers\STM32F1xx_HAL_Driver\Src\stm32f1xx_hal_cortex.o
                                0xdb0 (size before relaxing)
 .debug_str     0x00002246      0x350 Drivers\STM32F1xx_HAL_Driver\Src\stm32f1xx_hal_rcc.o
                                0xaf4 (size before relaxing)
 .debug_str     0x00002596     0x10e3 Drivers\STM32F1xx_HAL_Driver\Src\stm32f1xx_hal_tim.o
                               0x184c (size before relaxing)
 .debug_str     0x00003679      0x4f1 Drivers\STM32F1xx_HAL_Driver\Src\stm32f1xx_hal_tim_ex.o
                               0x10ee (size before relaxing)
 .debug_str     0x00003b6a       0x48 Src\main.o
                                0xc72 (size before relaxing)
 .debug_str     0x00003bb2       0x3f Src\stm32f1xx_hal_msp.o
                                0x731 (size before relaxing)
 .debug_str     0x00003bf1       0x50 Src\stm32f1xx_hal_timebase_tim.o
                                0xf00 (size before relaxing)
 .debug_str     0x00003c41       0x8b Src\stm32f1xx_it.o
                                0xafd (size before relaxing)
 .debug_str     0x00003ccc       0x4d Src\system_stm32f1xx.o
                                0x786 (size before relaxing)

.comment        0x00000000       0x7c
 .comment       0x00000000       0x7c Application\application_main\FreeRTOS\Source\list.o
                                 0x7d (size before relaxing)
 .comment       0x0000007c       0x7d Application\application_main\FreeRTOS\Source\portable\GCC\ARM_CM3\port.o
 .comment       0x0000007c       0x7d Application\application_main\FreeRTOS\Source\tasks.o
 .comment       0x0000007c       0x7d Application\application_main\application_main.o
 .comment       0x0000007c       0x7d Application\application_main\task1.o
 .comment       0x0000007c       0x7d Application\application_main\task2.o
 .comment       0x0000007c       0x7d Application\bsp\bsp_led.o
 .comment       0x0000007c       0x7d Application\lib\fsm_avi_rede.o
 .comment       0x0000007c       0x7d Application\lib\lib_utilities.o
 .comment       0x0000007c       0x7d Drivers\STM32F1xx_HAL_Driver\Src\stm32f1xx_hal.o
 .comment       0x0000007c       0x7d Drivers\STM32F1xx_HAL_Driver\Src\stm32f1xx_hal_cortex.o
 .comment       0x0000007c       0x7d Drivers\STM32F1xx_HAL_Driver\Src\stm32f1xx_hal_rcc.o
 .comment       0x0000007c       0x7d Drivers\STM32F1xx_HAL_Driver\Src\stm32f1xx_hal_tim.o
 .comment       0x0000007c       0x7d Drivers\STM32F1xx_HAL_Driver\Src\stm32f1xx_hal_tim_ex.o
 .comment       0x0000007c       0x7d Src\main.o
 .comment       0x0000007c       0x7d Src\stm32f1xx_hal_msp.o
 .comment       0x0000007c       0x7d Src\stm32f1xx_hal_timebase_tim.o
 .comment       0x0000007c       0x7d Src\stm32f1xx_it.o
 .comment       0x0000007c       0x7d Src\system_stm32f1xx.o

.debug_frame    0x00000000     0x1ae4
 .debug_frame   0x00000000       0x6c Application\application_main\FreeRTOS\Source\list.o
 .debug_frame   0x0000006c       0xf0 Application\application_main\FreeRTOS\Source\portable\GCC\ARM_CM3\port.o
 .debug_frame   0x0000015c      0x434 Application\application_main\FreeRTOS\Source\tasks.o
 .debug_frame   0x00000590       0x48 Application\application_main\application_main.o
 .debug_frame   0x000005d8       0x28 Application\application_main\task1.o
 .debug_frame   0x00000600       0x2c Application\application_main\task2.o
 .debug_frame   0x0000062c       0x78 Application\bsp\bsp_led.o
 .debug_frame   0x000006a4       0x60 Application\lib\fsm_avi_rede.o
 .debug_frame   0x00000704       0x40 Application\lib\lib_utilities.o
 .debug_frame   0x00000744      0x1ac Drivers\STM32F1xx_HAL_Driver\Src\stm32f1xx_hal.o
 .debug_frame   0x000008f0      0x12c Drivers\STM32F1xx_HAL_Driver\Src\stm32f1xx_hal_cortex.o
 .debug_frame   0x00000a1c      0x170 Drivers\STM32F1xx_HAL_Driver\Src\stm32f1xx_hal_rcc.o
 .debug_frame   0x00000b8c      0x9e0 Drivers\STM32F1xx_HAL_Driver\Src\stm32f1xx_hal_tim.o
 .debug_frame   0x0000156c      0x374 Drivers\STM32F1xx_HAL_Driver\Src\stm32f1xx_hal_tim_ex.o
 .debug_frame   0x000018e0       0x88 Src\main.o
 .debug_frame   0x00001968       0x28 Src\stm32f1xx_hal_msp.o
 .debug_frame   0x00001990       0x50 Src\stm32f1xx_hal_timebase_tim.o
 .debug_frame   0x000019e0       0x88 Src\stm32f1xx_it.o
 .debug_frame   0x00001a68       0x30 Src\system_stm32f1xx.o
 .debug_frame   0x00001a98       0x2c c:/program files (x86)/atollic/truestudio for stm32 9.3.0/armtools/bin/../lib/gcc/arm-atollic-eabi/6.3.1/../../../../arm-atollic-eabi/lib/armv7-m\libc_nano.a(lib_a-init.o)
 .debug_frame   0x00001ac4       0x20 c:/program files (x86)/atollic/truestudio for stm32 9.3.0/armtools/bin/../lib/gcc/arm-atollic-eabi/6.3.1/../../../../arm-atollic-eabi/lib/armv7-m\libc_nano.a(lib_a-memset.o)
